
*** Running vivado
    with args -log design_1_wrapper.vds -m64 -product Vivado -mode batch -messageDb vivado.pb -notrace -source design_1_wrapper.tcl



****** Vivado v2021.2 (64-bit)
  **** SW Build 3367213 on Tue Oct 19 02:48:09 MDT 2021
  **** IP Build 3369179 on Thu Oct 21 08:25:16 MDT 2021
    ** Copyright 1986-2021 Xilinx, Inc. All Rights Reserved.

source design_1_wrapper.tcl -notrace
INFO: [IP_Flow 19-234] Refreshing IP repositories
INFO: [IP_Flow 19-1700] Loaded user IP repository 'c:/Users/sreer/Post-Silicon-Validation-Research-Project/new_cpu_implementation/vitis/PSV_HLS/RAW_solu/impl/ip'.
INFO: [IP_Flow 19-2313] Loaded Vivado IP repository 'C:/Xilinx/Vivado/2021.2/data/ip'.
WARNING: [IP_Flow 19-4995] The host OS only allows 260 characters in a normal path. The IP cache path is more than 80 characters. If you experience issues with IP caching, please consider changing the IP cache to a location with a shorter path. Alternately consider using the OS subst command to map part of the path to a drive letter. 
Current IP cache path is c:/Users/sreer/Post-Silicon-Validation-Research-Project/new_cpu_implementation/vivado/PSV_IMP/PSV_IMP.cache/ip 
Command: read_checkpoint -auto_incremental -incremental C:/Users/sreer/Post-Silicon-Validation-Research-Project/new_cpu_implementation/vivado/PSV_IMP/PSV_IMP.srcs/utils_1/imports/synth_1/design_1_wrapper.dcp
INFO: [Vivado 12-5825] Read reference checkpoint from C:/Users/sreer/Post-Silicon-Validation-Research-Project/new_cpu_implementation/vivado/PSV_IMP/PSV_IMP.srcs/utils_1/imports/synth_1/design_1_wrapper.dcp for incremental synthesis
INFO: [Vivado 12-7989] Please ensure there are no constraint changes
Command: synth_design -top design_1_wrapper -part xc7k70tfbg484-1
Starting synth_design
Attempting to get a license for feature 'Synthesis' and/or device 'xc7k70t'
INFO: [Common 17-349] Got license for feature 'Synthesis' and/or device 'xc7k70t'
INFO: [Device 21-403] Loading part xc7k70tfbg484-1
WARNING: [Designutils 20-4072] Reference run did not run incremental synthesis because the design is too small; reverting to default synthesis
INFO: [Designutils 20-4379] Flow is switching to default flow due to incremental criteria not met. If you would like to alter this behaviour and have the flow terminate instead, please set the following parameter config_implementation {autoIncr.Synth.RejectBehavior Terminate}
INFO: [Synth 8-7079] Multithreading enabled for synth_design using a maximum of 2 processes.
INFO: [Synth 8-7078] Launching helper process for spawning children vivado processes
INFO: [Synth 8-7075] Helper process launched with PID 7140
---------------------------------------------------------------------------------
Starting RTL Elaboration : Time (s): cpu = 00:00:02 ; elapsed = 00:00:03 . Memory (MB): peak = 1253.258 ; gain = 0.000
---------------------------------------------------------------------------------
INFO: [Synth 8-6157] synthesizing module 'design_1_wrapper' [c:/Users/sreer/Post-Silicon-Validation-Research-Project/new_cpu_implementation/vivado/PSV_IMP/PSV_IMP.gen/sources_1/bd/design_1/hdl/design_1_wrapper.v:12]
WARNING: [Synth 8-4446] all outputs are unconnected for this instance and logic may be removed [c:/Users/sreer/Post-Silicon-Validation-Research-Project/new_cpu_implementation/vivado/PSV_IMP/PSV_IMP.gen/sources_1/bd/design_1/hdl/design_1_wrapper.v:21]
INFO: [Synth 8-6157] synthesizing module 'design_1' [c:/Users/sreer/Post-Silicon-Validation-Research-Project/new_cpu_implementation/vivado/PSV_IMP/PSV_IMP.gen/sources_1/bd/design_1/synth/design_1.v:13]
INFO: [Synth 8-6157] synthesizing module 'design_1_clk_wiz_0' [C:/Users/sreer/Post-Silicon-Validation-Research-Project/new_cpu_implementation/vivado/PSV_IMP/PSV_IMP.runs/synth_1/.Xil/Vivado-27360-Aurora/realtime/design_1_clk_wiz_0_stub.v:5]
INFO: [Synth 8-6155] done synthesizing module 'design_1_clk_wiz_0' (1#1) [C:/Users/sreer/Post-Silicon-Validation-Research-Project/new_cpu_implementation/vivado/PSV_IMP/PSV_IMP.runs/synth_1/.Xil/Vivado-27360-Aurora/realtime/design_1_clk_wiz_0_stub.v:5]
WARNING: [Synth 8-4446] all outputs are unconnected for this instance and logic may be removed [c:/Users/sreer/Post-Silicon-Validation-Research-Project/new_cpu_implementation/vivado/PSV_IMP/PSV_IMP.gen/sources_1/bd/design_1/synth/design_1.v:38]
INFO: [Synth 8-6157] synthesizing module 'design_1_ila_0_0' [C:/Users/sreer/Post-Silicon-Validation-Research-Project/new_cpu_implementation/vivado/PSV_IMP/PSV_IMP.runs/synth_1/.Xil/Vivado-27360-Aurora/realtime/design_1_ila_0_0_stub.v:6]
INFO: [Synth 8-6155] done synthesizing module 'design_1_ila_0_0' (2#1) [C:/Users/sreer/Post-Silicon-Validation-Research-Project/new_cpu_implementation/vivado/PSV_IMP/PSV_IMP.runs/synth_1/.Xil/Vivado-27360-Aurora/realtime/design_1_ila_0_0_stub.v:6]
INFO: [Synth 8-6157] synthesizing module 'design_1_pipeline_top_0_0' [C:/Users/sreer/Post-Silicon-Validation-Research-Project/new_cpu_implementation/vivado/PSV_IMP/PSV_IMP.runs/synth_1/.Xil/Vivado-27360-Aurora/realtime/design_1_pipeline_top_0_0_stub.v:6]
INFO: [Synth 8-6155] done synthesizing module 'design_1_pipeline_top_0_0' (3#1) [C:/Users/sreer/Post-Silicon-Validation-Research-Project/new_cpu_implementation/vivado/PSV_IMP/PSV_IMP.runs/synth_1/.Xil/Vivado-27360-Aurora/realtime/design_1_pipeline_top_0_0_stub.v:6]
WARNING: [Synth 8-7071] port 'ap_local_block' of module 'design_1_pipeline_top_0_0' is unconnected for instance 'pipeline_top_0' [c:/Users/sreer/Post-Silicon-Validation-Research-Project/new_cpu_implementation/vivado/PSV_IMP/PSV_IMP.gen/sources_1/bd/design_1/synth/design_1.v:45]
WARNING: [Synth 8-7071] port 'ap_local_deadlock' of module 'design_1_pipeline_top_0_0' is unconnected for instance 'pipeline_top_0' [c:/Users/sreer/Post-Silicon-Validation-Research-Project/new_cpu_implementation/vivado/PSV_IMP/PSV_IMP.gen/sources_1/bd/design_1/synth/design_1.v:45]
WARNING: [Synth 8-7071] port 'ap_done' of module 'design_1_pipeline_top_0_0' is unconnected for instance 'pipeline_top_0' [c:/Users/sreer/Post-Silicon-Validation-Research-Project/new_cpu_implementation/vivado/PSV_IMP/PSV_IMP.gen/sources_1/bd/design_1/synth/design_1.v:45]
WARNING: [Synth 8-7071] port 'ap_idle' of module 'design_1_pipeline_top_0_0' is unconnected for instance 'pipeline_top_0' [c:/Users/sreer/Post-Silicon-Validation-Research-Project/new_cpu_implementation/vivado/PSV_IMP/PSV_IMP.gen/sources_1/bd/design_1/synth/design_1.v:45]
WARNING: [Synth 8-7071] port 'ap_ready' of module 'design_1_pipeline_top_0_0' is unconnected for instance 'pipeline_top_0' [c:/Users/sreer/Post-Silicon-Validation-Research-Project/new_cpu_implementation/vivado/PSV_IMP/PSV_IMP.gen/sources_1/bd/design_1/synth/design_1.v:45]
WARNING: [Synth 8-7023] instance 'pipeline_top_0' of module 'design_1_pipeline_top_0_0' has 14 connections declared, but only 9 given [c:/Users/sreer/Post-Silicon-Validation-Research-Project/new_cpu_implementation/vivado/PSV_IMP/PSV_IMP.gen/sources_1/bd/design_1/synth/design_1.v:45]
INFO: [Synth 8-6157] synthesizing module 'design_1_rst_clk_wiz_100M_0' [C:/Users/sreer/Post-Silicon-Validation-Research-Project/new_cpu_implementation/vivado/PSV_IMP/PSV_IMP.runs/synth_1/.Xil/Vivado-27360-Aurora/realtime/design_1_rst_clk_wiz_100M_0_stub.v:6]
INFO: [Synth 8-6155] done synthesizing module 'design_1_rst_clk_wiz_100M_0' (4#1) [C:/Users/sreer/Post-Silicon-Validation-Research-Project/new_cpu_implementation/vivado/PSV_IMP/PSV_IMP.runs/synth_1/.Xil/Vivado-27360-Aurora/realtime/design_1_rst_clk_wiz_100M_0_stub.v:6]
WARNING: [Synth 8-7071] port 'mb_reset' of module 'design_1_rst_clk_wiz_100M_0' is unconnected for instance 'rst_clk_wiz_100M' [c:/Users/sreer/Post-Silicon-Validation-Research-Project/new_cpu_implementation/vivado/PSV_IMP/PSV_IMP.gen/sources_1/bd/design_1/synth/design_1.v:55]
WARNING: [Synth 8-7071] port 'bus_struct_reset' of module 'design_1_rst_clk_wiz_100M_0' is unconnected for instance 'rst_clk_wiz_100M' [c:/Users/sreer/Post-Silicon-Validation-Research-Project/new_cpu_implementation/vivado/PSV_IMP/PSV_IMP.gen/sources_1/bd/design_1/synth/design_1.v:55]
WARNING: [Synth 8-7071] port 'interconnect_aresetn' of module 'design_1_rst_clk_wiz_100M_0' is unconnected for instance 'rst_clk_wiz_100M' [c:/Users/sreer/Post-Silicon-Validation-Research-Project/new_cpu_implementation/vivado/PSV_IMP/PSV_IMP.gen/sources_1/bd/design_1/synth/design_1.v:55]
WARNING: [Synth 8-7071] port 'peripheral_aresetn' of module 'design_1_rst_clk_wiz_100M_0' is unconnected for instance 'rst_clk_wiz_100M' [c:/Users/sreer/Post-Silicon-Validation-Research-Project/new_cpu_implementation/vivado/PSV_IMP/PSV_IMP.gen/sources_1/bd/design_1/synth/design_1.v:55]
WARNING: [Synth 8-7023] instance 'rst_clk_wiz_100M' of module 'design_1_rst_clk_wiz_100M_0' has 10 connections declared, but only 6 given [c:/Users/sreer/Post-Silicon-Validation-Research-Project/new_cpu_implementation/vivado/PSV_IMP/PSV_IMP.gen/sources_1/bd/design_1/synth/design_1.v:55]
INFO: [Synth 8-6157] synthesizing module 'design_1_xlconstant_0_0' [c:/Users/sreer/Post-Silicon-Validation-Research-Project/new_cpu_implementation/vivado/PSV_IMP/PSV_IMP.gen/sources_1/bd/design_1/ip/design_1_xlconstant_0_0/synth/design_1_xlconstant_0_0.v:57]
INFO: [Synth 8-6157] synthesizing module 'xlconstant_v1_1_7_xlconstant' [c:/Users/sreer/Post-Silicon-Validation-Research-Project/new_cpu_implementation/vivado/PSV_IMP/PSV_IMP.gen/sources_1/bd/design_1/ipshared/fcfc/hdl/xlconstant_v1_1_vl_rfs.v:23]
INFO: [Synth 8-6155] done synthesizing module 'xlconstant_v1_1_7_xlconstant' (5#1) [c:/Users/sreer/Post-Silicon-Validation-Research-Project/new_cpu_implementation/vivado/PSV_IMP/PSV_IMP.gen/sources_1/bd/design_1/ipshared/fcfc/hdl/xlconstant_v1_1_vl_rfs.v:23]
INFO: [Synth 8-6155] done synthesizing module 'design_1_xlconstant_0_0' (6#1) [c:/Users/sreer/Post-Silicon-Validation-Research-Project/new_cpu_implementation/vivado/PSV_IMP/PSV_IMP.gen/sources_1/bd/design_1/ip/design_1_xlconstant_0_0/synth/design_1_xlconstant_0_0.v:57]
INFO: [Synth 8-6071] Mark debug on the nets applies keep_hierarchy on instance 'pipeline_top_0'. This will prevent further optimization [c:/Users/sreer/Post-Silicon-Validation-Research-Project/new_cpu_implementation/vivado/PSV_IMP/PSV_IMP.gen/sources_1/bd/design_1/synth/design_1.v:45]
INFO: [Synth 8-6071] Mark debug on the nets applies keep_hierarchy on instance 'ila_0'. This will prevent further optimization [c:/Users/sreer/Post-Silicon-Validation-Research-Project/new_cpu_implementation/vivado/PSV_IMP/PSV_IMP.gen/sources_1/bd/design_1/synth/design_1.v:38]
INFO: [Synth 8-6155] done synthesizing module 'design_1' (7#1) [c:/Users/sreer/Post-Silicon-Validation-Research-Project/new_cpu_implementation/vivado/PSV_IMP/PSV_IMP.gen/sources_1/bd/design_1/synth/design_1.v:13]
INFO: [Synth 8-6155] done synthesizing module 'design_1_wrapper' (8#1) [c:/Users/sreer/Post-Silicon-Validation-Research-Project/new_cpu_implementation/vivado/PSV_IMP/PSV_IMP.gen/sources_1/bd/design_1/hdl/design_1_wrapper.v:12]
---------------------------------------------------------------------------------
Finished RTL Elaboration : Time (s): cpu = 00:00:03 ; elapsed = 00:00:03 . Memory (MB): peak = 1253.258 ; gain = 0.000
---------------------------------------------------------------------------------
---------------------------------------------------------------------------------
Start Handling Custom Attributes
---------------------------------------------------------------------------------
---------------------------------------------------------------------------------
Finished Handling Custom Attributes : Time (s): cpu = 00:00:03 ; elapsed = 00:00:04 . Memory (MB): peak = 1253.258 ; gain = 0.000
---------------------------------------------------------------------------------
---------------------------------------------------------------------------------
Finished RTL Optimization Phase 1 : Time (s): cpu = 00:00:03 ; elapsed = 00:00:04 . Memory (MB): peak = 1253.258 ; gain = 0.000
---------------------------------------------------------------------------------
Netlist sorting complete. Time (s): cpu = 00:00:00 ; elapsed = 00:00:00.001 . Memory (MB): peak = 1253.258 ; gain = 0.000
INFO: [Project 1-570] Preparing netlist for logic optimization

Processing XDC Constraints
Initializing timing engine
Parsing XDC File [c:/Users/sreer/Post-Silicon-Validation-Research-Project/new_cpu_implementation/vivado/PSV_IMP/PSV_IMP.gen/sources_1/bd/design_1/ip/design_1_pipeline_top_0_0/design_1_pipeline_top_0_0/design_1_pipeline_top_0_0_in_context.xdc] for cell 'design_1_i/pipeline_top_0'
Finished Parsing XDC File [c:/Users/sreer/Post-Silicon-Validation-Research-Project/new_cpu_implementation/vivado/PSV_IMP/PSV_IMP.gen/sources_1/bd/design_1/ip/design_1_pipeline_top_0_0/design_1_pipeline_top_0_0/design_1_pipeline_top_0_0_in_context.xdc] for cell 'design_1_i/pipeline_top_0'
Parsing XDC File [c:/Users/sreer/Post-Silicon-Validation-Research-Project/new_cpu_implementation/vivado/PSV_IMP/PSV_IMP.gen/sources_1/bd/design_1/ip/design_1_ila_0_0/design_1_ila_0_0/design_1_ila_0_0_in_context.xdc] for cell 'design_1_i/ila_0'
Finished Parsing XDC File [c:/Users/sreer/Post-Silicon-Validation-Research-Project/new_cpu_implementation/vivado/PSV_IMP/PSV_IMP.gen/sources_1/bd/design_1/ip/design_1_ila_0_0/design_1_ila_0_0/design_1_ila_0_0_in_context.xdc] for cell 'design_1_i/ila_0'
Parsing XDC File [c:/Users/sreer/Post-Silicon-Validation-Research-Project/new_cpu_implementation/vivado/PSV_IMP/PSV_IMP.gen/sources_1/bd/design_1/ip/design_1_clk_wiz_0/design_1_clk_wiz_0/design_1_clk_wiz_0_in_context.xdc] for cell 'design_1_i/clk_wiz'
Finished Parsing XDC File [c:/Users/sreer/Post-Silicon-Validation-Research-Project/new_cpu_implementation/vivado/PSV_IMP/PSV_IMP.gen/sources_1/bd/design_1/ip/design_1_clk_wiz_0/design_1_clk_wiz_0/design_1_clk_wiz_0_in_context.xdc] for cell 'design_1_i/clk_wiz'
Parsing XDC File [c:/Users/sreer/Post-Silicon-Validation-Research-Project/new_cpu_implementation/vivado/PSV_IMP/PSV_IMP.gen/sources_1/bd/design_1/ip/design_1_rst_clk_wiz_100M_0/design_1_rst_clk_wiz_100M_0/design_1_rst_clk_wiz_100M_0_in_context.xdc] for cell 'design_1_i/rst_clk_wiz_100M'
Finished Parsing XDC File [c:/Users/sreer/Post-Silicon-Validation-Research-Project/new_cpu_implementation/vivado/PSV_IMP/PSV_IMP.gen/sources_1/bd/design_1/ip/design_1_rst_clk_wiz_100M_0/design_1_rst_clk_wiz_100M_0/design_1_rst_clk_wiz_100M_0_in_context.xdc] for cell 'design_1_i/rst_clk_wiz_100M'
Parsing XDC File [C:/Users/sreer/Post-Silicon-Validation-Research-Project/new_cpu_implementation/vivado/PSV_IMP/PSV_IMP.srcs/constrs_1/new/design1_board_constraints.xdc]
Finished Parsing XDC File [C:/Users/sreer/Post-Silicon-Validation-Research-Project/new_cpu_implementation/vivado/PSV_IMP/PSV_IMP.srcs/constrs_1/new/design1_board_constraints.xdc]
Parsing XDC File [C:/Users/sreer/Post-Silicon-Validation-Research-Project/new_cpu_implementation/vivado/PSV_IMP/PSV_IMP.runs/synth_1/dont_touch.xdc]
Finished Parsing XDC File [C:/Users/sreer/Post-Silicon-Validation-Research-Project/new_cpu_implementation/vivado/PSV_IMP/PSV_IMP.runs/synth_1/dont_touch.xdc]
Completed Processing XDC Constraints

Netlist sorting complete. Time (s): cpu = 00:00:00 ; elapsed = 00:00:00.001 . Memory (MB): peak = 1253.258 ; gain = 0.000
INFO: [Project 1-111] Unisim Transformation Summary:
No Unisim elements were transformed.

Constraint Validation Runtime : Time (s): cpu = 00:00:00 ; elapsed = 00:00:00.005 . Memory (MB): peak = 1253.258 ; gain = 0.000
WARNING: [Designutils 20-4072] Reference run did not run incremental synthesis because the design is too small; reverting to default synthesis
INFO: [Designutils 20-4379] Flow is switching to default flow due to incremental criteria not met. If you would like to alter this behaviour and have the flow terminate instead, please set the following parameter config_implementation {autoIncr.Synth.RejectBehavior Terminate}
---------------------------------------------------------------------------------
Finished Constraint Validation : Time (s): cpu = 00:00:06 ; elapsed = 00:00:07 . Memory (MB): peak = 1253.258 ; gain = 0.000
---------------------------------------------------------------------------------
---------------------------------------------------------------------------------
Start Loading Part and Timing Information
---------------------------------------------------------------------------------
Loading part: xc7k70tfbg484-1
---------------------------------------------------------------------------------
Finished Loading Part and Timing Information : Time (s): cpu = 00:00:06 ; elapsed = 00:00:07 . Memory (MB): peak = 1253.258 ; gain = 0.000
---------------------------------------------------------------------------------
---------------------------------------------------------------------------------
Start Applying 'set_property' XDC Constraints
---------------------------------------------------------------------------------
Applied set_property IO_BUFFER_TYPE = NONE for clk_100MHz. (constraint file  c:/Users/sreer/Post-Silicon-Validation-Research-Project/new_cpu_implementation/vivado/PSV_IMP/PSV_IMP.gen/sources_1/bd/design_1/ip/design_1_clk_wiz_0/design_1_clk_wiz_0/design_1_clk_wiz_0_in_context.xdc, line 3).
Applied set_property CLOCK_BUFFER_TYPE = NONE for clk_100MHz. (constraint file  c:/Users/sreer/Post-Silicon-Validation-Research-Project/new_cpu_implementation/vivado/PSV_IMP/PSV_IMP.gen/sources_1/bd/design_1/ip/design_1_clk_wiz_0/design_1_clk_wiz_0/design_1_clk_wiz_0_in_context.xdc, line 4).
Applied set_property KEEP_HIERARCHY = SOFT for design_1_i. (constraint file  auto generated constraint).
Applied set_property KEEP_HIERARCHY = SOFT for design_1_i/pipeline_top_0. (constraint file  auto generated constraint).
Applied set_property KEEP_HIERARCHY = SOFT for design_1_i/ila_0. (constraint file  auto generated constraint).
Applied set_property KEEP_HIERARCHY = SOFT for design_1_i/clk_wiz. (constraint file  auto generated constraint).
Applied set_property KEEP_HIERARCHY = SOFT for design_1_i/rst_clk_wiz_100M. (constraint file  auto generated constraint).
Applied set_property KEEP_HIERARCHY = SOFT for design_1_i/xlconstant_0. (constraint file  auto generated constraint).
---------------------------------------------------------------------------------
Finished applying 'set_property' XDC Constraints : Time (s): cpu = 00:00:06 ; elapsed = 00:00:07 . Memory (MB): peak = 1253.258 ; gain = 0.000
---------------------------------------------------------------------------------
---------------------------------------------------------------------------------
Finished RTL Optimization Phase 2 : Time (s): cpu = 00:00:07 ; elapsed = 00:00:07 . Memory (MB): peak = 1253.258 ; gain = 0.000
---------------------------------------------------------------------------------
---------------------------------------------------------------------------------
Start RTL Component Statistics 
---------------------------------------------------------------------------------
Detailed RTL Component Info : 
---------------------------------------------------------------------------------
Finished RTL Component Statistics 
---------------------------------------------------------------------------------
---------------------------------------------------------------------------------
Start Part Resource Summary
---------------------------------------------------------------------------------
Part Resources:
DSPs: 240 (col length:80)
BRAMs: 270 (col length: RAMB18 80 RAMB36 40)
---------------------------------------------------------------------------------
Finished Part Resource Summary
---------------------------------------------------------------------------------
---------------------------------------------------------------------------------
Start Cross Boundary and Area Optimization
---------------------------------------------------------------------------------
WARNING: [Synth 8-7080] Parallel synthesis criteria is not met
---------------------------------------------------------------------------------
Finished Cross Boundary and Area Optimization : Time (s): cpu = 00:00:07 ; elapsed = 00:00:08 . Memory (MB): peak = 1253.258 ; gain = 0.000
---------------------------------------------------------------------------------
---------------------------------------------------------------------------------
Start Applying XDC Timing Constraints
---------------------------------------------------------------------------------
---------------------------------------------------------------------------------
Finished Applying XDC Timing Constraints : Time (s): cpu = 00:00:10 ; elapsed = 00:00:12 . Memory (MB): peak = 1253.258 ; gain = 0.000
---------------------------------------------------------------------------------
---------------------------------------------------------------------------------
Start Timing Optimization
---------------------------------------------------------------------------------
---------------------------------------------------------------------------------
Finished Timing Optimization : Time (s): cpu = 00:00:10 ; elapsed = 00:00:12 . Memory (MB): peak = 1253.258 ; gain = 0.000
---------------------------------------------------------------------------------
---------------------------------------------------------------------------------
Start Technology Mapping
---------------------------------------------------------------------------------
---------------------------------------------------------------------------------
Finished Technology Mapping : Time (s): cpu = 00:00:10 ; elapsed = 00:00:12 . Memory (MB): peak = 1253.258 ; gain = 0.000
---------------------------------------------------------------------------------
---------------------------------------------------------------------------------
Start IO Insertion
---------------------------------------------------------------------------------
---------------------------------------------------------------------------------
Start Flattening Before IO Insertion
---------------------------------------------------------------------------------
---------------------------------------------------------------------------------
Finished Flattening Before IO Insertion
---------------------------------------------------------------------------------
---------------------------------------------------------------------------------
Start Final Netlist Cleanup
---------------------------------------------------------------------------------
---------------------------------------------------------------------------------
Finished Final Netlist Cleanup
---------------------------------------------------------------------------------
---------------------------------------------------------------------------------
Finished IO Insertion : Time (s): cpu = 00:00:12 ; elapsed = 00:00:14 . Memory (MB): peak = 1253.258 ; gain = 0.000
---------------------------------------------------------------------------------
---------------------------------------------------------------------------------
Start Renaming Generated Instances
---------------------------------------------------------------------------------
---------------------------------------------------------------------------------
Finished Renaming Generated Instances : Time (s): cpu = 00:00:12 ; elapsed = 00:00:14 . Memory (MB): peak = 1253.258 ; gain = 0.000
---------------------------------------------------------------------------------
---------------------------------------------------------------------------------
Start Rebuilding User Hierarchy
---------------------------------------------------------------------------------
---------------------------------------------------------------------------------
Finished Rebuilding User Hierarchy : Time (s): cpu = 00:00:12 ; elapsed = 00:00:14 . Memory (MB): peak = 1253.258 ; gain = 0.000
---------------------------------------------------------------------------------
---------------------------------------------------------------------------------
Start Renaming Generated Ports
---------------------------------------------------------------------------------
---------------------------------------------------------------------------------
Finished Renaming Generated Ports : Time (s): cpu = 00:00:12 ; elapsed = 00:00:14 . Memory (MB): peak = 1253.258 ; gain = 0.000
---------------------------------------------------------------------------------
---------------------------------------------------------------------------------
Start Handling Custom Attributes
---------------------------------------------------------------------------------
---------------------------------------------------------------------------------
Finished Handling Custom Attributes : Time (s): cpu = 00:00:12 ; elapsed = 00:00:14 . Memory (MB): peak = 1253.258 ; gain = 0.000
---------------------------------------------------------------------------------
---------------------------------------------------------------------------------
Start Renaming Generated Nets
---------------------------------------------------------------------------------
---------------------------------------------------------------------------------
Finished Renaming Generated Nets : Time (s): cpu = 00:00:12 ; elapsed = 00:00:14 . Memory (MB): peak = 1253.258 ; gain = 0.000
---------------------------------------------------------------------------------
---------------------------------------------------------------------------------
Start Writing Synthesis Report
---------------------------------------------------------------------------------

Report BlackBoxes: 
+------+----------------------------+----------+
|      |BlackBox name               |Instances |
+------+----------------------------+----------+
|1     |design_1_clk_wiz_0          |         1|
|2     |design_1_ila_0_0            |         1|
|3     |design_1_pipeline_top_0_0   |         1|
|4     |design_1_rst_clk_wiz_100M_0 |         1|
+------+----------------------------+----------+

Report Cell Usage: 
+------+--------------------------+------+
|      |Cell                      |Count |
+------+--------------------------+------+
|1     |design_1_clk_wiz          |     1|
|2     |design_1_ila_0            |     1|
|3     |design_1_pipeline_top_0   |     1|
|4     |design_1_rst_clk_wiz_100M |     1|
|5     |IBUF                      |     1|
+------+--------------------------+------+
---------------------------------------------------------------------------------
Finished Writing Synthesis Report : Time (s): cpu = 00:00:12 ; elapsed = 00:00:14 . Memory (MB): peak = 1253.258 ; gain = 0.000
---------------------------------------------------------------------------------
Synthesis finished with 0 errors, 0 critical warnings and 1 warnings.
Synthesis Optimization Runtime : Time (s): cpu = 00:00:08 ; elapsed = 00:00:13 . Memory (MB): peak = 1253.258 ; gain = 0.000
Synthesis Optimization Complete : Time (s): cpu = 00:00:12 ; elapsed = 00:00:14 . Memory (MB): peak = 1253.258 ; gain = 0.000
INFO: [Project 1-571] Translating synthesized netlist
Netlist sorting complete. Time (s): cpu = 00:00:00 ; elapsed = 00:00:00.001 . Memory (MB): peak = 1253.258 ; gain = 0.000
INFO: [Project 1-570] Preparing netlist for logic optimization
INFO: [Opt 31-138] Pushed 0 inverter(s) to 0 load pin(s).
Netlist sorting complete. Time (s): cpu = 00:00:00 ; elapsed = 00:00:00 . Memory (MB): peak = 1253.258 ; gain = 0.000
INFO: [Project 1-111] Unisim Transformation Summary:
No Unisim elements were transformed.

Synth Design complete, checksum: 11b1cae2
INFO: [Common 17-83] Releasing license: Synthesis
37 Infos, 17 Warnings, 0 Critical Warnings and 0 Errors encountered.
synth_design completed successfully
synth_design: Time (s): cpu = 00:00:14 ; elapsed = 00:00:17 . Memory (MB): peak = 1253.258 ; gain = 0.000
INFO: [Common 17-1381] The checkpoint 'C:/Users/sreer/Post-Silicon-Validation-Research-Project/new_cpu_implementation/vivado/PSV_IMP/PSV_IMP.runs/synth_1/design_1_wrapper.dcp' has been generated.
INFO: [runtcl-4] Executing : report_utilization -file design_1_wrapper_utilization_synth.rpt -pb design_1_wrapper_utilization_synth.pb
INFO: [Common 17-206] Exiting Vivado at Sat Aug 15 16:28:07 2026...
