

================================================================
== Vitis HLS Report for 'clock_cycle'
================================================================
* Date:           Fri Aug 14 16:08:56 2026

* Version:        2021.2 (Build 3367213 on Tue Oct 19 02:48:09 MDT 2021)
* Project:        PSV_HLS
* Solution:       RAW_solu (Vivado IP Flow Target)
* Product family: kintex7
* Target device:  xc7k70t-fbv676-1


================================================================
== Performance Estimates
================================================================
+ Timing: 
    * Summary: 
    +--------+----------+----------+------------+
    |  Clock |  Target  | Estimated| Uncertainty|
    +--------+----------+----------+------------+
    |ap_clk  |  10.00 ns|  5.154 ns|     2.70 ns|
    +--------+----------+----------+------------+

+ Latency: 
    * Summary: 
    +---------+---------+-----------+-----------+-----+-----+---------+
    |  Latency (cycles) |   Latency (absolute)  |  Interval | Pipeline|
    |   min   |   max   |    min    |    max    | min | max |   Type  |
    +---------+---------+-----------+-----------+-----+-----+---------+
    |        1|        2|  10.000 ns|  20.000 ns|    1|    2|       no|
    +---------+---------+-----------+-----------+-----+-----+---------+

    + Detail: 
        * Instance: 
        N/A

        * Loop: 
        N/A



================================================================
== Utilization Estimates
================================================================
* Summary: 
+-----------------+---------+-----+-------+-------+-----+
|       Name      | BRAM_18K| DSP |   FF  |  LUT  | URAM|
+-----------------+---------+-----+-------+-------+-----+
|DSP              |        -|    -|      -|      -|    -|
|Expression       |        -|    -|      0|    262|    -|
|FIFO             |        -|    -|      -|      -|    -|
|Instance         |        -|    -|      -|      -|    -|
|Memory           |        0|    -|      2|      1|    0|
|Multiplexer      |        -|    -|      -|    222|    -|
|Register         |        -|    -|     38|      -|    -|
+-----------------+---------+-----+-------+-------+-----+
|Total            |        0|    0|     40|    485|    0|
+-----------------+---------+-----+-------+-------+-----+
|Available        |      270|  240|  82000|  41000|    0|
+-----------------+---------+-----+-------+-------+-----+
|Utilization (%)  |        0|    0|     ~0|      1|    0|
+-----------------+---------+-----+-------+-------+-----+

+ Detail: 
    * Instance: 
    N/A

    * DSP: 
    N/A

    * Memory: 
    +------------------+------------------------------------------+---------+---+----+-----+------+-----+------+-------------+
    |      Memory      |                  Module                  | BRAM_18K| FF| LUT| URAM| Words| Bits| Banks| W*Bits*Banks|
    +------------------+------------------------------------------+---------+---+----+-----+------+-----+------+-------------+
    |RegisterFile_V_U  |clock_cycle_RegisterFile_V_RAM_AUTO_1R1W  |        0|  2|   1|    0|    32|    1|     1|           32|
    +------------------+------------------------------------------+---------+---+----+-----+------+-----+------+-------------+
    |Total             |                                          |        0|  2|   1|    0|    32|    1|     1|           32|
    +------------------+------------------------------------------+---------+---+----+-----+------+-----+------+-------------+

    * FIFO: 
    N/A

    * Expression: 
    +-------------------------+----------+----+---+----+------------+------------+
    |      Variable Name      | Operation| DSP| FF| LUT| Bitwidth P0| Bitwidth P1|
    +-------------------------+----------+----+---+----+------------+------------+
    |add_ln291_fu_533_p2      |         +|   0|  0|  39|          32|           3|
    |add_ln69_fu_249_p2       |         +|   0|  0|  11|           3|           1|
    |and_ln65_1_fu_315_p2     |       and|   0|  0|   6|           1|           1|
    |and_ln65_2_fu_321_p2     |       and|   0|  0|   6|           1|           1|
    |and_ln65_3_fu_383_p2     |       and|   0|  0|   6|           1|           1|
    |and_ln65_4_fu_415_p2     |       and|   0|  0|   6|           1|           1|
    |and_ln65_5_fu_421_p2     |       and|   0|  0|   6|           1|           1|
    |and_ln65_6_fu_427_p2     |       and|   0|  0|   6|           1|           1|
    |and_ln65_fu_309_p2       |       and|   0|  0|   6|           1|           1|
    |and_ln69_1_fu_283_p2     |       and|   0|  0|   6|           1|           1|
    |and_ln69_fu_271_p2       |       and|   0|  0|   6|           1|           1|
    |and_ln80_fu_403_p2       |       and|   0|  0|   6|           1|           1|
    |icmp_ln25_1_fu_156_p2    |      icmp|   0|  0|   8|           2|           1|
    |icmp_ln25_fu_150_p2      |      icmp|   0|  0|   8|           2|           2|
    |icmp_ln65_1_fu_297_p2    |      icmp|   0|  0|   8|           2|           2|
    |icmp_ln65_2_fu_303_p2    |      icmp|   0|  0|   8|           2|           1|
    |icmp_ln65_3_fu_341_p2    |      icmp|   0|  0|   8|           2|           2|
    |icmp_ln65_4_fu_347_p2    |      icmp|   0|  0|   8|           2|           1|
    |icmp_ln65_fu_243_p2      |      icmp|   0|  0|   8|           2|           2|
    |icmp_ln69_1_fu_277_p2    |      icmp|   0|  0|   8|           2|           2|
    |icmp_ln69_fu_265_p2      |      icmp|   0|  0|   8|           2|           1|
    |icmp_ln76_fu_335_p2      |      icmp|   0|  0|   8|           2|           2|
    |icmp_ln80_fu_397_p2      |      icmp|   0|  0|   8|           2|           2|
    |or_ln25_fu_162_p2        |        or|   0|  0|   6|           1|           1|
    |or_ln65_1_fu_371_p2      |        or|   0|  0|   6|           1|           1|
    |or_ln65_2_fu_377_p2      |        or|   0|  0|   6|           1|           1|
    |or_ln65_3_fu_409_p2      |        or|   0|  0|   6|           1|           1|
    |or_ln65_4_fu_450_p2      |        or|   0|  0|   6|           1|           1|
    |or_ln65_fu_365_p2        |        or|   0|  0|   6|           1|           1|
    |select_ln41_fu_495_p3    |    select|   0|  0|   2|           1|           2|
    |select_ln65_1_fu_389_p3  |    select|   0|  0|   2|           1|           2|
    |select_ln65_2_fu_433_p3  |    select|   0|  0|   2|           1|           2|
    |select_ln65_3_fu_442_p3  |    select|   0|  0|   3|           1|           1|
    |select_ln65_4_fu_456_p3  |    select|   0|  0|   2|           1|           2|
    |select_ln65_fu_327_p3    |    select|   0|  0|   2|           1|           1|
    |select_ln69_fu_289_p3    |    select|   0|  0|   3|           1|           3|
    |xor_ln37_fu_353_p2       |       xor|   0|  0|   6|           2|           1|
    |xor_ln65_fu_359_p2       |       xor|   0|  0|   6|           1|           2|
    +-------------------------+----------+----+---+----+------------+------------+
    |Total                    |          |   0|  0| 262|          83|          54|
    +-------------------------+----------+----+---+----+------------+------------+

    * Multiplexer: 
    +-----------------------------------------------+----+-----------+-----+-----------+
    |                      Name                     | LUT| Input Size| Bits| Total Bits|
    +-----------------------------------------------+----+-----------+-----+-----------+
    |EX_MEM_dest_o                                  |   9|          2|    2|          4|
    |EX_MEM_outVal_V_o                              |   9|          2|    1|          2|
    |EX_MEM_valid_o                                 |   9|          2|    1|          2|
    |ID_EX_dest_o                                   |   9|          2|    2|          4|
    |ID_EX_src1_o                                   |   9|          2|    2|          4|
    |ID_EX_src2_o                                   |   9|          2|    2|          4|
    |ID_EX_valid_o                                  |  13|          3|    1|          3|
    |IF_ID_pc_V_o                                   |   9|          2|   32|         64|
    |IF_ID_valid_o                                  |   9|          2|    1|          2|
    |MEM_WB_dest_o                                  |   9|          2|    2|          4|
    |MEM_WB_outVal_V_o                              |   9|          2|    1|          2|
    |MEM_WB_valid_o                                 |   9|          2|    1|          2|
    |PC_V_o                                         |   9|          2|   32|         64|
    |RegisterFile_V_address0                        |  13|          3|    5|         15|
    |ap_NS_fsm                                      |  17|          4|    1|          4|
    |ap_phi_mux_forward_A_sel_1_new_4_phi_fu_81_p4  |  13|          3|    2|          6|
    |ap_phi_mux_forward_B_sel_1_new_1_phi_fu_91_p4  |  13|          3|    2|          6|
    |ap_phi_mux_storemerge13_phi_fu_113_p4          |   9|          2|    1|          2|
    |ap_phi_mux_storemerge18_phi_fu_102_p4          |   9|          2|   32|         64|
    |ap_phi_mux_storemerge9_phi_fu_125_p4           |   9|          2|    1|          2|
    |storemerge18_reg_98                            |   9|          2|   32|         64|
    |storemerge9_reg_121                            |   9|          2|    1|          2|
    +-----------------------------------------------+----+-----------+-----+-----------+
    |Total                                          | 222|         50|  157|        326|
    +-----------------------------------------------+----+-----------+-----+-----------+

    * Register: 
    +--------------------------+----+----+-----+-----------+
    |           Name           | FF | LUT| Bits| Const Bits|
    +--------------------------+----+----+-----+-----------+
    |IF_ID_valid_load_reg_567  |   1|   0|    1|          0|
    |ap_CS_fsm                 |   3|   0|    3|          0|
    |storemerge13_reg_109      |   1|   0|    1|          0|
    |storemerge18_reg_98       |  32|   0|   32|          0|
    |storemerge9_reg_121       |   1|   0|    1|          0|
    +--------------------------+----+----+-----+-----------+
    |Total                     |  38|   0|   38|          0|
    +--------------------------+----+----+-----+-----------+



================================================================
== Interface
================================================================
* Summary: 
+--------------------------+-----+-----+------------+-----------------+--------------+
|         RTL Ports        | Dir | Bits|  Protocol  |  Source Object  |    C Type    |
+--------------------------+-----+-----+------------+-----------------+--------------+
|ap_clk                    |   in|    1|  ap_ctrl_hs|      clock_cycle|  return value|
|ap_rst                    |   in|    1|  ap_ctrl_hs|      clock_cycle|  return value|
|ap_start                  |   in|    1|  ap_ctrl_hs|      clock_cycle|  return value|
|ap_done                   |  out|    1|  ap_ctrl_hs|      clock_cycle|  return value|
|ap_idle                   |  out|    1|  ap_ctrl_hs|      clock_cycle|  return value|
|ap_ready                  |  out|    1|  ap_ctrl_hs|      clock_cycle|  return value|
|MEM_WB_valid_i            |   in|    1|     ap_ovld|     MEM_WB_valid|       pointer|
|MEM_WB_valid_o            |  out|    1|     ap_ovld|     MEM_WB_valid|       pointer|
|MEM_WB_valid_o_ap_vld     |  out|    1|     ap_ovld|     MEM_WB_valid|       pointer|
|MEM_WB_dest_i             |   in|    2|     ap_ovld|      MEM_WB_dest|       pointer|
|MEM_WB_dest_o             |  out|    2|     ap_ovld|      MEM_WB_dest|       pointer|
|MEM_WB_dest_o_ap_vld      |  out|    1|     ap_ovld|      MEM_WB_dest|       pointer|
|MEM_WB_outVal_V_i         |   in|    1|     ap_ovld|  MEM_WB_outVal_V|       pointer|
|MEM_WB_outVal_V_o         |  out|    1|     ap_ovld|  MEM_WB_outVal_V|       pointer|
|MEM_WB_outVal_V_o_ap_vld  |  out|    1|     ap_ovld|  MEM_WB_outVal_V|       pointer|
|EX_MEM_valid_i            |   in|    1|     ap_ovld|     EX_MEM_valid|       pointer|
|EX_MEM_valid_o            |  out|    1|     ap_ovld|     EX_MEM_valid|       pointer|
|EX_MEM_valid_o_ap_vld     |  out|    1|     ap_ovld|     EX_MEM_valid|       pointer|
|EX_MEM_dest_i             |   in|    2|     ap_ovld|      EX_MEM_dest|       pointer|
|EX_MEM_dest_o             |  out|    2|     ap_ovld|      EX_MEM_dest|       pointer|
|EX_MEM_dest_o_ap_vld      |  out|    1|     ap_ovld|      EX_MEM_dest|       pointer|
|EX_MEM_outVal_V_i         |   in|    1|     ap_ovld|  EX_MEM_outVal_V|       pointer|
|EX_MEM_outVal_V_o         |  out|    1|     ap_ovld|  EX_MEM_outVal_V|       pointer|
|EX_MEM_outVal_V_o_ap_vld  |  out|    1|     ap_ovld|  EX_MEM_outVal_V|       pointer|
|ID_EX_valid_i             |   in|    1|     ap_ovld|      ID_EX_valid|       pointer|
|ID_EX_valid_o             |  out|    1|     ap_ovld|      ID_EX_valid|       pointer|
|ID_EX_valid_o_ap_vld      |  out|    1|     ap_ovld|      ID_EX_valid|       pointer|
|ID_EX_src1_i              |   in|    2|     ap_ovld|       ID_EX_src1|       pointer|
|ID_EX_src1_o              |  out|    2|     ap_ovld|       ID_EX_src1|       pointer|
|ID_EX_src1_o_ap_vld       |  out|    1|     ap_ovld|       ID_EX_src1|       pointer|
|ID_EX_src2_i              |   in|    2|     ap_ovld|       ID_EX_src2|       pointer|
|ID_EX_src2_o              |  out|    2|     ap_ovld|       ID_EX_src2|       pointer|
|ID_EX_src2_o_ap_vld       |  out|    1|     ap_ovld|       ID_EX_src2|       pointer|
|ID_EX_dest_i              |   in|    2|     ap_ovld|       ID_EX_dest|       pointer|
|ID_EX_dest_o              |  out|    2|     ap_ovld|       ID_EX_dest|       pointer|
|ID_EX_dest_o_ap_vld       |  out|    1|     ap_ovld|       ID_EX_dest|       pointer|
|PC_V_i                    |   in|   32|     ap_ovld|             PC_V|       pointer|
|PC_V_o                    |  out|   32|     ap_ovld|             PC_V|       pointer|
|PC_V_o_ap_vld             |  out|    1|     ap_ovld|             PC_V|       pointer|
|IF_ID_valid_i             |   in|    1|     ap_ovld|      IF_ID_valid|       pointer|
|IF_ID_valid_o             |  out|    1|     ap_ovld|      IF_ID_valid|       pointer|
|IF_ID_valid_o_ap_vld      |  out|    1|     ap_ovld|      IF_ID_valid|       pointer|
|IF_ID_pc_V_i              |   in|   32|     ap_ovld|       IF_ID_pc_V|       pointer|
|IF_ID_pc_V_o              |  out|   32|     ap_ovld|       IF_ID_pc_V|       pointer|
|IF_ID_pc_V_o_ap_vld       |  out|    1|     ap_ovld|       IF_ID_pc_V|       pointer|
|ID_EX_pc_V                |  out|   32|      ap_vld|       ID_EX_pc_V|       pointer|
|ID_EX_pc_V_ap_vld         |  out|    1|      ap_vld|       ID_EX_pc_V|       pointer|
|ID_EX_val1_V              |  out|    1|      ap_vld|     ID_EX_val1_V|       pointer|
|ID_EX_val1_V_ap_vld       |  out|    1|      ap_vld|     ID_EX_val1_V|       pointer|
|forward_B_sel_1           |  out|    2|      ap_vld|  forward_B_sel_1|       pointer|
|forward_B_sel_1_ap_vld    |  out|    1|      ap_vld|  forward_B_sel_1|       pointer|
|forward_A_sel_1           |  out|    2|      ap_vld|  forward_A_sel_1|       pointer|
|forward_A_sel_1_ap_vld    |  out|    1|      ap_vld|  forward_A_sel_1|       pointer|
+--------------------------+-----+-----+------------+-----------------+--------------+

