

================================================================
== Vitis HLS Report for 'clock_cycle'
================================================================
* Date:           Fri Aug 14 16:08:55 2026

* Version:        2021.2 (Build 3367213 on Tue Oct 19 02:48:09 MDT 2021)
* Project:        PSV_HLS
* Solution:       RAW_solu (Vivado IP Flow Target)
* Product family: kintex7
* Target device:  xc7k70t-fbv676-1


================================================================
== Performance Estimates
================================================================
+ Timing: 
    * Summary: 
    +--------+----------+----------+------------+
    |  Clock |  Target  | Estimated| Uncertainty|
    +--------+----------+----------+------------+
    |ap_clk  |  10.00 ns|  5.154 ns|     2.70 ns|
    +--------+----------+----------+------------+

+ Latency: 
    * Summary: 
    +---------+---------+-----------+-----------+-----+-----+---------+
    |  Latency (cycles) |   Latency (absolute)  |  Interval | Pipeline|
    |   min   |   max   |    min    |    max    | min | max |   Type  |
    +---------+---------+-----------+-----------+-----+-----+---------+
    |        1|        2|  10.000 ns|  20.000 ns|    1|    2|       no|
    +---------+---------+-----------+-----------+-----+-----+---------+

    + Detail: 
        * Instance: 
        N/A

        * Loop: 
        N/A

============================================================
+ Verbose Summary: Synthesis Manager
============================================================
InlineROM: 1
ExposeGlobal: 0
============================================================
+ Verbose Summary: CDFG Model
============================================================
IsTopModel: 0
ResetActiveHigh: 1
IsCombinational: 0
IsDatapathOnly: 0
HasWiredReturn: 1
HasMFsm: 0
HasVarLatency: 1
IsPipeline: 0
IsRtlPipelined: 0
IsInstanceOverlapped: 0
IsDontTouch: 0
HasImplIP: 0
IsGatedGlobalClock: 0


============================================================
+ Verbose Summary: Schedule
============================================================
* Number of FSM states : 3
* Pipeline : 0
* Dataflow Pipeline: 0

* FSM state transitions: 
1 --> 2 3 
2 --> 3 
3 --> 

* FSM state operations: 

State 1 <SV = 0> <Delay = 5.15>
ST_1 : Operation 4 [1/1] (0.00ns)   --->   "%wb_stage_instr_valid = load i1 %MEM_WB_valid" [../hls/pipeline_core_hls.cpp:25]   --->   Operation 4 'load' 'wb_stage_instr_valid' <Predicate = true> <Delay = 0.00>
ST_1 : Operation 5 [1/1] (0.00ns)   --->   "%wb_stage_instr_dest = load i2 %MEM_WB_dest" [../hls/pipeline_core_hls.cpp:25]   --->   Operation 5 'load' 'wb_stage_instr_dest' <Predicate = true> <Delay = 0.00>
ST_1 : Operation 6 [1/1] (0.00ns)   --->   "%sext_ln25 = sext i2 %wb_stage_instr_dest" [../hls/pipeline_core_hls.cpp:25]   --->   Operation 6 'sext' 'sext_ln25' <Predicate = true> <Delay = 0.00>
ST_1 : Operation 7 [1/1] (0.00ns)   --->   "%operand2 = load i1 %MEM_WB_outVal_V" [../hls/pipeline_core_hls.cpp:25]   --->   Operation 7 'load' 'operand2' <Predicate = true> <Delay = 0.00>
ST_1 : Operation 8 [1/1] (0.00ns)   --->   "%br_ln28 = br i1 %wb_stage_instr_valid, void %._crit_edge, void" [../hls/pipeline_core_hls.cpp:28]   --->   Operation 8 'br' 'br_ln28' <Predicate = true> <Delay = 0.00>
ST_1 : Operation 9 [1/1] (0.64ns)   --->   "%icmp_ln25 = icmp_eq  i2 %wb_stage_instr_dest, i2 3" [../hls/pipeline_core_hls.cpp:25]   --->   Operation 9 'icmp' 'icmp_ln25' <Predicate = (wb_stage_instr_valid)> <Delay = 0.64> <CoreInst = "Cmp">   --->   Core 9 'Cmp' <Latency = 0> <II = 1> <Delay = 0.64> <FuncUnit> <Opcode : 'icmp'> <InPorts = 2> <OutPorts = 1>
ST_1 : Operation 10 [1/1] (0.64ns)   --->   "%icmp_ln25_1 = icmp_eq  i2 %wb_stage_instr_dest, i2 0" [../hls/pipeline_core_hls.cpp:25]   --->   Operation 10 'icmp' 'icmp_ln25_1' <Predicate = (wb_stage_instr_valid)> <Delay = 0.64> <CoreInst = "Cmp">   --->   Core 9 'Cmp' <Latency = 0> <II = 1> <Delay = 0.64> <FuncUnit> <Opcode : 'icmp'> <InPorts = 2> <OutPorts = 1>
ST_1 : Operation 11 [1/1] (0.61ns)   --->   "%or_ln25 = or i1 %icmp_ln25_1, i1 %icmp_ln25" [../hls/pipeline_core_hls.cpp:25]   --->   Operation 11 'or' 'or_ln25' <Predicate = (wb_stage_instr_valid)> <Delay = 0.61> <CoreInst = "LogicGate">   --->   Core 74 'LogicGate' <Latency = 0> <II = 1> <Delay = 0.61> <FuncUnit> <Opcode : 'and' 'or' 'xor'> <InPorts = 2> <OutPorts = 1>
ST_1 : Operation 12 [1/1] (0.00ns)   --->   "%br_ln25 = br i1 %or_ln25, void, void %._crit_edge24" [../hls/pipeline_core_hls.cpp:25]   --->   Operation 12 'br' 'br_ln25' <Predicate = (wb_stage_instr_valid)> <Delay = 0.00>
ST_1 : Operation 13 [1/1] (0.00ns)   --->   "%sext_ln32 = sext i2 %wb_stage_instr_dest" [../hls/pipeline_core_hls.cpp:32]   --->   Operation 13 'sext' 'sext_ln32' <Predicate = (wb_stage_instr_valid & !or_ln25)> <Delay = 0.00>
ST_1 : Operation 14 [1/1] (0.00ns)   --->   "%RegisterFile_V_addr = getelementptr i1 %RegisterFile_V, i64 0, i64 %sext_ln32" [../hls/pipeline_core_hls.cpp:32]   --->   Operation 14 'getelementptr' 'RegisterFile_V_addr' <Predicate = (wb_stage_instr_valid & !or_ln25)> <Delay = 0.00>
ST_1 : Operation 15 [1/1] (1.42ns)   --->   "%store_ln32 = store i1 %operand2, i5 %RegisterFile_V_addr" [../hls/pipeline_core_hls.cpp:32]   --->   Operation 15 'store' 'store_ln32' <Predicate = (wb_stage_instr_valid & !or_ln25)> <Delay = 1.42> <CoreInst = "RAM">   --->   Core 82 'RAM' <Latency = 1> <II = 1> <Delay = 1.42> <Storage> <Opcode : 'load' 'store'> <Ports = 2> <Width = 1> <Depth = 32> <RAM>
ST_1 : Operation 16 [1/1] (0.00ns)   --->   "%br_ln33 = br void %._crit_edge24" [../hls/pipeline_core_hls.cpp:33]   --->   Operation 16 'br' 'br_ln33' <Predicate = (wb_stage_instr_valid & !or_ln25)> <Delay = 0.00>
ST_1 : Operation 17 [1/1] (0.00ns)   --->   "%br_ln34 = br void %._crit_edge" [../hls/pipeline_core_hls.cpp:34]   --->   Operation 17 'br' 'br_ln34' <Predicate = (wb_stage_instr_valid)> <Delay = 0.00>
ST_1 : Operation 18 [1/1] (0.00ns)   --->   "%EX_MEM_valid_load = load i1 %EX_MEM_valid" [../hls/pipeline_core_hls.cpp:37]   --->   Operation 18 'load' 'EX_MEM_valid_load' <Predicate = true> <Delay = 0.00>
ST_1 : Operation 19 [1/1] (0.00ns)   --->   "%EX_MEM_dest_load = load i2 %EX_MEM_dest" [../hls/pipeline_core_hls.cpp:37]   --->   Operation 19 'load' 'EX_MEM_dest_load' <Predicate = true> <Delay = 0.00>
ST_1 : Operation 20 [1/1] (0.00ns)   --->   "%operand2_1 = load i1 %EX_MEM_outVal_V" [../hls/pipeline_core_hls.cpp:37]   --->   Operation 20 'load' 'operand2_1' <Predicate = true> <Delay = 0.00>
ST_1 : Operation 21 [1/1] (0.00ns)   --->   "%store_ln37 = store i1 %EX_MEM_valid_load, i1 %MEM_WB_valid" [../hls/pipeline_core_hls.cpp:37]   --->   Operation 21 'store' 'store_ln37' <Predicate = true> <Delay = 0.00>
ST_1 : Operation 22 [1/1] (0.00ns)   --->   "%store_ln37 = store i2 %EX_MEM_dest_load, i2 %MEM_WB_dest" [../hls/pipeline_core_hls.cpp:37]   --->   Operation 22 'store' 'store_ln37' <Predicate = true> <Delay = 0.00>
ST_1 : Operation 23 [1/1] (0.00ns)   --->   "%ID_EX_valid_load = load i1 %ID_EX_valid" [../hls/pipeline_core_hls.cpp:57]   --->   Operation 23 'load' 'ID_EX_valid_load' <Predicate = true> <Delay = 0.00>
ST_1 : Operation 24 [1/1] (0.00ns)   --->   "%ID_EX_src1_load = load i2 %ID_EX_src1" [../hls/pipeline_core_hls.cpp:57]   --->   Operation 24 'load' 'ID_EX_src1_load' <Predicate = true> <Delay = 0.00>
ST_1 : Operation 25 [1/1] (0.00ns)   --->   "%ID_EX_src2_load = load i2 %ID_EX_src2" [../hls/pipeline_core_hls.cpp:57]   --->   Operation 25 'load' 'ID_EX_src2_load' <Predicate = true> <Delay = 0.00>
ST_1 : Operation 26 [1/1] (0.00ns)   --->   "%ID_EX_dest_load = load i2 %ID_EX_dest" [../hls/pipeline_core_hls.cpp:57]   --->   Operation 26 'load' 'ID_EX_dest_load' <Predicate = true> <Delay = 0.00>
ST_1 : Operation 27 [1/1] (0.00ns)   --->   "%store_ln57 = store i1 %ID_EX_valid_load, i1 %EX_MEM_valid" [../hls/pipeline_core_hls.cpp:57]   --->   Operation 27 'store' 'store_ln57' <Predicate = true> <Delay = 0.00>
ST_1 : Operation 28 [1/1] (0.00ns)   --->   "%store_ln57 = store i2 %ID_EX_dest_load, i2 %EX_MEM_dest" [../hls/pipeline_core_hls.cpp:57]   --->   Operation 28 'store' 'store_ln57' <Predicate = true> <Delay = 0.00>
ST_1 : Operation 29 [1/1] (0.00ns)   --->   "%store_ln37 = store i1 %operand2_1, i1 %MEM_WB_outVal_V" [../hls/pipeline_core_hls.cpp:37]   --->   Operation 29 'store' 'store_ln37' <Predicate = true> <Delay = 0.00>
ST_1 : Operation 30 [1/1] (0.00ns)   --->   "%PC_V_load = load i32 %PC_V"   --->   Operation 30 'load' 'PC_V_load' <Predicate = true> <Delay = 0.00>
ST_1 : Operation 31 [1/1] (0.00ns)   --->   "%IF_ID_valid_load = load i1 %IF_ID_valid" [../hls/pipeline_core_hls.cpp:184]   --->   Operation 31 'load' 'IF_ID_valid_load' <Predicate = true> <Delay = 0.00>
ST_1 : Operation 32 [1/1] (0.00ns)   --->   "%next_latch_pc_V = load i32 %IF_ID_pc_V" [../hls/pipeline_core_hls.cpp:214]   --->   Operation 32 'load' 'next_latch_pc_V' <Predicate = true> <Delay = 0.00>
ST_1 : Operation 33 [1/1] (1.02ns)   --->   "%br_ln62 = br i1 %ID_EX_valid_load, void %mergeST10, void %_ifconv" [../hls/pipeline_core_hls.cpp:62]   --->   Operation 33 'br' 'br_ln62' <Predicate = true> <Delay = 1.02>
ST_1 : Operation 34 [1/1] (0.64ns)   --->   "%icmp_ln65 = icmp_eq  i2 %EX_MEM_dest_load, i2 %ID_EX_src1_load" [../hls/pipeline_core_hls.cpp:65]   --->   Operation 34 'icmp' 'icmp_ln65' <Predicate = (ID_EX_valid_load)> <Delay = 0.64> <CoreInst = "Cmp">   --->   Core 9 'Cmp' <Latency = 0> <II = 1> <Delay = 0.64> <FuncUnit> <Opcode : 'icmp'> <InPorts = 2> <OutPorts = 1>
ST_1 : Operation 35 [1/1] (1.00ns)   --->   "%add_ln69 = add i3 %sext_ln25, i3 1" [../hls/pipeline_core_hls.cpp:69]   --->   Operation 35 'add' 'add_ln69' <Predicate = (ID_EX_valid_load)> <Delay = 1.00> <CoreInst = "Adder">   --->   Core 1 'Adder' <Latency = 0> <II = 1> <Delay = 1.78> <FuncUnit> <Opcode : 'add' 'sub'> <InPorts = 2> <OutPorts = 1>
ST_1 : Operation 36 [1/1] (0.00ns)   --->   "%tmp = partselect i2 @_ssdm_op_PartSelect.i2.i3.i32.i32, i3 %add_ln69, i32 1, i32 2" [../hls/pipeline_core_hls.cpp:69]   --->   Operation 36 'partselect' 'tmp' <Predicate = (ID_EX_valid_load)> <Delay = 0.00>
ST_1 : Operation 37 [1/1] (0.64ns)   --->   "%icmp_ln69 = icmp_ne  i2 %tmp, i2 0" [../hls/pipeline_core_hls.cpp:69]   --->   Operation 37 'icmp' 'icmp_ln69' <Predicate = (ID_EX_valid_load)> <Delay = 0.64> <CoreInst = "Cmp">   --->   Core 9 'Cmp' <Latency = 0> <II = 1> <Delay = 0.64> <FuncUnit> <Opcode : 'icmp'> <InPorts = 2> <OutPorts = 1>
ST_1 : Operation 38 [1/1] (0.61ns)   --->   "%and_ln69 = and i1 %wb_stage_instr_valid, i1 %icmp_ln69" [../hls/pipeline_core_hls.cpp:69]   --->   Operation 38 'and' 'and_ln69' <Predicate = (ID_EX_valid_load)> <Delay = 0.61> <CoreInst = "LogicGate">   --->   Core 74 'LogicGate' <Latency = 0> <II = 1> <Delay = 0.61> <FuncUnit> <Opcode : 'and' 'or' 'xor'> <InPorts = 2> <OutPorts = 1>
ST_1 : Operation 39 [1/1] (0.64ns)   --->   "%icmp_ln69_1 = icmp_eq  i2 %wb_stage_instr_dest, i2 %ID_EX_src1_load" [../hls/pipeline_core_hls.cpp:69]   --->   Operation 39 'icmp' 'icmp_ln69_1' <Predicate = (ID_EX_valid_load)> <Delay = 0.64> <CoreInst = "Cmp">   --->   Core 9 'Cmp' <Latency = 0> <II = 1> <Delay = 0.64> <FuncUnit> <Opcode : 'icmp'> <InPorts = 2> <OutPorts = 1>
ST_1 : Operation 40 [1/1] (0.00ns) (grouped into LUT with out node select_ln69)   --->   "%and_ln69_1 = and i1 %and_ln69, i1 %icmp_ln69_1" [../hls/pipeline_core_hls.cpp:69]   --->   Operation 40 'and' 'and_ln69_1' <Predicate = (ID_EX_valid_load)> <Delay = 0.00> <CoreInst = "LogicGate">   --->   Core 74 'LogicGate' <Latency = 0> <II = 1> <Delay = 0.61> <FuncUnit> <Opcode : 'and' 'or' 'xor'> <InPorts = 2> <OutPorts = 1>
ST_1 : Operation 41 [1/1] (0.62ns) (out node of the LUT)   --->   "%select_ln69 = select i1 %and_ln69_1, i2 2, i2 0" [../hls/pipeline_core_hls.cpp:69]   --->   Operation 41 'select' 'select_ln69' <Predicate = (ID_EX_valid_load)> <Delay = 0.62> <CoreInst = "Sel">   --->   Core 73 'Sel' <Latency = 0> <II = 1> <Delay = 0.62> <FuncUnit> <Opcode : 'select'> <InPorts = 3> <OutPorts = 1>
ST_1 : Operation 42 [1/1] (0.64ns)   --->   "%icmp_ln65_1 = icmp_ne  i2 %EX_MEM_dest_load, i2 3" [../hls/pipeline_core_hls.cpp:65]   --->   Operation 42 'icmp' 'icmp_ln65_1' <Predicate = (ID_EX_valid_load)> <Delay = 0.64> <CoreInst = "Cmp">   --->   Core 9 'Cmp' <Latency = 0> <II = 1> <Delay = 0.64> <FuncUnit> <Opcode : 'icmp'> <InPorts = 2> <OutPorts = 1>
ST_1 : Operation 43 [1/1] (0.64ns)   --->   "%icmp_ln65_2 = icmp_ne  i2 %EX_MEM_dest_load, i2 0" [../hls/pipeline_core_hls.cpp:65]   --->   Operation 43 'icmp' 'icmp_ln65_2' <Predicate = (ID_EX_valid_load)> <Delay = 0.64> <CoreInst = "Cmp">   --->   Core 9 'Cmp' <Latency = 0> <II = 1> <Delay = 0.64> <FuncUnit> <Opcode : 'icmp'> <InPorts = 2> <OutPorts = 1>
ST_1 : Operation 44 [1/1] (0.00ns) (grouped into LUT with out node and_ln65_2)   --->   "%and_ln65 = and i1 %EX_MEM_valid_load, i1 %icmp_ln65_1" [../hls/pipeline_core_hls.cpp:65]   --->   Operation 44 'and' 'and_ln65' <Predicate = (ID_EX_valid_load)> <Delay = 0.00> <CoreInst = "LogicGate">   --->   Core 74 'LogicGate' <Latency = 0> <II = 1> <Delay = 0.61> <FuncUnit> <Opcode : 'and' 'or' 'xor'> <InPorts = 2> <OutPorts = 1>
ST_1 : Operation 45 [1/1] (0.00ns) (grouped into LUT with out node and_ln65_2)   --->   "%and_ln65_1 = and i1 %icmp_ln65_2, i1 %icmp_ln65" [../hls/pipeline_core_hls.cpp:65]   --->   Operation 45 'and' 'and_ln65_1' <Predicate = (ID_EX_valid_load)> <Delay = 0.00> <CoreInst = "LogicGate">   --->   Core 74 'LogicGate' <Latency = 0> <II = 1> <Delay = 0.61> <FuncUnit> <Opcode : 'and' 'or' 'xor'> <InPorts = 2> <OutPorts = 1>
ST_1 : Operation 46 [1/1] (0.61ns) (out node of the LUT)   --->   "%and_ln65_2 = and i1 %and_ln65_1, i1 %and_ln65" [../hls/pipeline_core_hls.cpp:65]   --->   Operation 46 'and' 'and_ln65_2' <Predicate = (ID_EX_valid_load)> <Delay = 0.61> <CoreInst = "LogicGate">   --->   Core 74 'LogicGate' <Latency = 0> <II = 1> <Delay = 0.61> <FuncUnit> <Opcode : 'and' 'or' 'xor'> <InPorts = 2> <OutPorts = 1>
ST_1 : Operation 47 [1/1] (0.62ns)   --->   "%select_ln65 = select i1 %and_ln65_2, i2 1, i2 %select_ln69" [../hls/pipeline_core_hls.cpp:65]   --->   Operation 47 'select' 'select_ln65' <Predicate = (ID_EX_valid_load)> <Delay = 0.62> <CoreInst = "Sel">   --->   Core 73 'Sel' <Latency = 0> <II = 1> <Delay = 0.62> <FuncUnit> <Opcode : 'select'> <InPorts = 3> <OutPorts = 1>
ST_1 : Operation 48 [1/1] (0.64ns)   --->   "%icmp_ln76 = icmp_eq  i2 %EX_MEM_dest_load, i2 %ID_EX_src2_load" [../hls/pipeline_core_hls.cpp:76]   --->   Operation 48 'icmp' 'icmp_ln76' <Predicate = (ID_EX_valid_load)> <Delay = 0.64> <CoreInst = "Cmp">   --->   Core 9 'Cmp' <Latency = 0> <II = 1> <Delay = 0.64> <FuncUnit> <Opcode : 'icmp'> <InPorts = 2> <OutPorts = 1>
ST_1 : Operation 49 [1/1] (0.64ns)   --->   "%icmp_ln65_3 = icmp_eq  i2 %EX_MEM_dest_load, i2 3" [../hls/pipeline_core_hls.cpp:65]   --->   Operation 49 'icmp' 'icmp_ln65_3' <Predicate = (ID_EX_valid_load)> <Delay = 0.64> <CoreInst = "Cmp">   --->   Core 9 'Cmp' <Latency = 0> <II = 1> <Delay = 0.64> <FuncUnit> <Opcode : 'icmp'> <InPorts = 2> <OutPorts = 1>
ST_1 : Operation 50 [1/1] (0.64ns)   --->   "%icmp_ln65_4 = icmp_eq  i2 %EX_MEM_dest_load, i2 0" [../hls/pipeline_core_hls.cpp:65]   --->   Operation 50 'icmp' 'icmp_ln65_4' <Predicate = (ID_EX_valid_load)> <Delay = 0.64> <CoreInst = "Cmp">   --->   Core 9 'Cmp' <Latency = 0> <II = 1> <Delay = 0.64> <FuncUnit> <Opcode : 'icmp'> <InPorts = 2> <OutPorts = 1>
ST_1 : Operation 51 [1/1] (0.61ns)   --->   "%xor_ln37 = xor i1 %EX_MEM_valid_load, i1 1" [../hls/pipeline_core_hls.cpp:37]   --->   Operation 51 'xor' 'xor_ln37' <Predicate = (ID_EX_valid_load)> <Delay = 0.61> <CoreInst = "LogicGate">   --->   Core 74 'LogicGate' <Latency = 0> <II = 1> <Delay = 0.61> <FuncUnit> <Opcode : 'and' 'or' 'xor'> <InPorts = 2> <OutPorts = 1>
ST_1 : Operation 52 [1/1] (0.00ns) (grouped into LUT with out node and_ln65_3)   --->   "%xor_ln65 = xor i1 %icmp_ln65, i1 1" [../hls/pipeline_core_hls.cpp:65]   --->   Operation 52 'xor' 'xor_ln65' <Predicate = (ID_EX_valid_load)> <Delay = 0.00> <CoreInst = "LogicGate">   --->   Core 74 'LogicGate' <Latency = 0> <II = 1> <Delay = 0.61> <FuncUnit> <Opcode : 'and' 'or' 'xor'> <InPorts = 2> <OutPorts = 1>
ST_1 : Operation 53 [1/1] (0.00ns) (grouped into LUT with out node and_ln65_3)   --->   "%or_ln65 = or i1 %icmp_ln65_3, i1 %xor_ln37" [../hls/pipeline_core_hls.cpp:65]   --->   Operation 53 'or' 'or_ln65' <Predicate = (ID_EX_valid_load)> <Delay = 0.00> <CoreInst = "LogicGate">   --->   Core 74 'LogicGate' <Latency = 0> <II = 1> <Delay = 0.61> <FuncUnit> <Opcode : 'and' 'or' 'xor'> <InPorts = 2> <OutPorts = 1>
ST_1 : Operation 54 [1/1] (0.00ns) (grouped into LUT with out node and_ln65_3)   --->   "%or_ln65_1 = or i1 %icmp_ln65_4, i1 %xor_ln65" [../hls/pipeline_core_hls.cpp:65]   --->   Operation 54 'or' 'or_ln65_1' <Predicate = (ID_EX_valid_load)> <Delay = 0.00> <CoreInst = "LogicGate">   --->   Core 74 'LogicGate' <Latency = 0> <II = 1> <Delay = 0.61> <FuncUnit> <Opcode : 'and' 'or' 'xor'> <InPorts = 2> <OutPorts = 1>
ST_1 : Operation 55 [1/1] (0.00ns) (grouped into LUT with out node and_ln65_3)   --->   "%or_ln65_2 = or i1 %or_ln65_1, i1 %or_ln65" [../hls/pipeline_core_hls.cpp:65]   --->   Operation 55 'or' 'or_ln65_2' <Predicate = (ID_EX_valid_load)> <Delay = 0.00> <CoreInst = "LogicGate">   --->   Core 74 'LogicGate' <Latency = 0> <II = 1> <Delay = 0.61> <FuncUnit> <Opcode : 'and' 'or' 'xor'> <InPorts = 2> <OutPorts = 1>
ST_1 : Operation 56 [1/1] (0.61ns) (out node of the LUT)   --->   "%and_ln65_3 = and i1 %or_ln65_2, i1 %xor_ln37" [../hls/pipeline_core_hls.cpp:65]   --->   Operation 56 'and' 'and_ln65_3' <Predicate = (ID_EX_valid_load)> <Delay = 0.61> <CoreInst = "LogicGate">   --->   Core 74 'LogicGate' <Latency = 0> <II = 1> <Delay = 0.61> <FuncUnit> <Opcode : 'and' 'or' 'xor'> <InPorts = 2> <OutPorts = 1>
ST_1 : Operation 57 [1/1] (0.00ns) (grouped into LUT with out node select_ln65_2)   --->   "%select_ln65_1 = select i1 %and_ln65_3, i2 %select_ln69, i2 %select_ln65" [../hls/pipeline_core_hls.cpp:65]   --->   Operation 57 'select' 'select_ln65_1' <Predicate = (ID_EX_valid_load)> <Delay = 0.00> <CoreInst = "Sel">   --->   Core 73 'Sel' <Latency = 0> <II = 1> <Delay = 0.62> <FuncUnit> <Opcode : 'select'> <InPorts = 3> <OutPorts = 1>
ST_1 : Operation 58 [1/1] (0.64ns)   --->   "%icmp_ln80 = icmp_eq  i2 %wb_stage_instr_dest, i2 %ID_EX_src2_load" [../hls/pipeline_core_hls.cpp:80]   --->   Operation 58 'icmp' 'icmp_ln80' <Predicate = (ID_EX_valid_load)> <Delay = 0.64> <CoreInst = "Cmp">   --->   Core 9 'Cmp' <Latency = 0> <II = 1> <Delay = 0.64> <FuncUnit> <Opcode : 'icmp'> <InPorts = 2> <OutPorts = 1>
ST_1 : Operation 59 [1/1] (0.00ns) (grouped into LUT with out node select_ln65_4)   --->   "%and_ln80 = and i1 %and_ln69, i1 %icmp_ln80" [../hls/pipeline_core_hls.cpp:80]   --->   Operation 59 'and' 'and_ln80' <Predicate = (ID_EX_valid_load)> <Delay = 0.00> <CoreInst = "LogicGate">   --->   Core 74 'LogicGate' <Latency = 0> <II = 1> <Delay = 0.61> <FuncUnit> <Opcode : 'and' 'or' 'xor'> <InPorts = 2> <OutPorts = 1>
ST_1 : Operation 60 [1/1] (0.00ns) (grouped into LUT with out node and_ln65_6)   --->   "%or_ln65_3 = or i1 %EX_MEM_valid_load, i1 %and_ln65_2" [../hls/pipeline_core_hls.cpp:65]   --->   Operation 60 'or' 'or_ln65_3' <Predicate = (ID_EX_valid_load)> <Delay = 0.00> <CoreInst = "LogicGate">   --->   Core 74 'LogicGate' <Latency = 0> <II = 1> <Delay = 0.61> <FuncUnit> <Opcode : 'and' 'or' 'xor'> <InPorts = 2> <OutPorts = 1>
ST_1 : Operation 61 [1/1] (0.00ns) (grouped into LUT with out node and_ln65_6)   --->   "%and_ln65_4 = and i1 %icmp_ln65_2, i1 %icmp_ln76" [../hls/pipeline_core_hls.cpp:65]   --->   Operation 61 'and' 'and_ln65_4' <Predicate = (ID_EX_valid_load)> <Delay = 0.00> <CoreInst = "LogicGate">   --->   Core 74 'LogicGate' <Latency = 0> <II = 1> <Delay = 0.61> <FuncUnit> <Opcode : 'and' 'or' 'xor'> <InPorts = 2> <OutPorts = 1>
ST_1 : Operation 62 [1/1] (0.00ns) (grouped into LUT with out node and_ln65_6)   --->   "%and_ln65_5 = and i1 %icmp_ln65_1, i1 %or_ln65_3" [../hls/pipeline_core_hls.cpp:65]   --->   Operation 62 'and' 'and_ln65_5' <Predicate = (ID_EX_valid_load)> <Delay = 0.00> <CoreInst = "LogicGate">   --->   Core 74 'LogicGate' <Latency = 0> <II = 1> <Delay = 0.61> <FuncUnit> <Opcode : 'and' 'or' 'xor'> <InPorts = 2> <OutPorts = 1>
ST_1 : Operation 63 [1/1] (0.61ns) (out node of the LUT)   --->   "%and_ln65_6 = and i1 %and_ln65_5, i1 %and_ln65_4" [../hls/pipeline_core_hls.cpp:65]   --->   Operation 63 'and' 'and_ln65_6' <Predicate = (ID_EX_valid_load)> <Delay = 0.61> <CoreInst = "LogicGate">   --->   Core 74 'LogicGate' <Latency = 0> <II = 1> <Delay = 0.61> <FuncUnit> <Opcode : 'and' 'or' 'xor'> <InPorts = 2> <OutPorts = 1>
ST_1 : Operation 64 [1/1] (0.62ns) (out node of the LUT)   --->   "%select_ln65_2 = select i1 %and_ln65_6, i2 %select_ln65, i2 %select_ln65_1" [../hls/pipeline_core_hls.cpp:65]   --->   Operation 64 'select' 'select_ln65_2' <Predicate = (ID_EX_valid_load)> <Delay = 0.62> <CoreInst = "Sel">   --->   Core 73 'Sel' <Latency = 0> <II = 1> <Delay = 0.62> <FuncUnit> <Opcode : 'select'> <InPorts = 3> <OutPorts = 1>
ST_1 : Operation 65 [1/1] (0.00ns) (grouped into LUT with out node select_ln65_4)   --->   "%select_ln65_3 = select i1 %and_ln65_6, i2 1, i2 2" [../hls/pipeline_core_hls.cpp:65]   --->   Operation 65 'select' 'select_ln65_3' <Predicate = (ID_EX_valid_load)> <Delay = 0.00> <CoreInst = "Sel">   --->   Core 73 'Sel' <Latency = 0> <II = 1> <Delay = 0.62> <FuncUnit> <Opcode : 'select'> <InPorts = 3> <OutPorts = 1>
ST_1 : Operation 66 [1/1] (0.00ns) (grouped into LUT with out node select_ln65_4)   --->   "%or_ln65_4 = or i1 %and_ln65_6, i1 %and_ln80" [../hls/pipeline_core_hls.cpp:65]   --->   Operation 66 'or' 'or_ln65_4' <Predicate = (ID_EX_valid_load)> <Delay = 0.00> <CoreInst = "LogicGate">   --->   Core 74 'LogicGate' <Latency = 0> <II = 1> <Delay = 0.61> <FuncUnit> <Opcode : 'and' 'or' 'xor'> <InPorts = 2> <OutPorts = 1>
ST_1 : Operation 67 [1/1] (0.62ns) (out node of the LUT)   --->   "%select_ln65_4 = select i1 %or_ln65_4, i2 %select_ln65_3, i2 0" [../hls/pipeline_core_hls.cpp:65]   --->   Operation 67 'select' 'select_ln65_4' <Predicate = (ID_EX_valid_load)> <Delay = 0.62> <CoreInst = "Sel">   --->   Core 73 'Sel' <Latency = 0> <II = 1> <Delay = 0.62> <FuncUnit> <Opcode : 'select'> <InPorts = 3> <OutPorts = 1>
ST_1 : Operation 68 [1/1] (1.02ns)   --->   "%br_ln175 = br void %mergeST10" [../hls/pipeline_core_hls.cpp:175]   --->   Operation 68 'br' 'br_ln175' <Predicate = (ID_EX_valid_load)> <Delay = 1.02>
ST_1 : Operation 69 [1/1] (0.00ns)   --->   "%forward_A_sel_1_new_4 = phi i2 0, void %._crit_edge, i2 %select_ln65_2, void %_ifconv" [../hls/pipeline_core_hls.cpp:65]   --->   Operation 69 'phi' 'forward_A_sel_1_new_4' <Predicate = true> <Delay = 0.00>
ST_1 : Operation 70 [1/1] (0.00ns)   --->   "%forward_B_sel_1_new_1 = phi i2 0, void %._crit_edge, i2 %select_ln65_4, void %_ifconv" [../hls/pipeline_core_hls.cpp:65]   --->   Operation 70 'phi' 'forward_B_sel_1_new_1' <Predicate = true> <Delay = 0.00>
ST_1 : Operation 71 [1/1] (0.00ns)   --->   "%store_ln59 = store i2 %forward_B_sel_1_new_1, i2 %forward_B_sel_1" [../hls/pipeline_core_hls.cpp:59]   --->   Operation 71 'store' 'store_ln59' <Predicate = true> <Delay = 0.00>
ST_1 : Operation 72 [1/1] (0.00ns)   --->   "%store_ln58 = store i2 %forward_A_sel_1_new_4, i2 %forward_A_sel_1" [../hls/pipeline_core_hls.cpp:58]   --->   Operation 72 'store' 'store_ln58' <Predicate = true> <Delay = 0.00>
ST_1 : Operation 73 [1/1] (0.00ns)   --->   "%store_ln57 = store i1 0, i1 %EX_MEM_outVal_V" [../hls/pipeline_core_hls.cpp:57]   --->   Operation 73 'store' 'store_ln57' <Predicate = true> <Delay = 0.00>
ST_1 : Operation 74 [1/1] (0.00ns)   --->   "%br_ln184 = br i1 %IF_ID_valid_load, void, void %switch.edge" [../hls/pipeline_core_hls.cpp:184]   --->   Operation 74 'br' 'br_ln184' <Predicate = true> <Delay = 0.00>
ST_1 : Operation 75 [1/1] (1.02ns)   --->   "%store_ln41 = store i1 0, i1 %ID_EX_valid" [../hls/pipeline_core_hls.h:41]   --->   Operation 75 'store' 'store_ln41' <Predicate = (!IF_ID_valid_load)> <Delay = 1.02>
ST_1 : Operation 76 [1/1] (1.02ns)   --->   "%br_ln0 = br void %mergeST17"   --->   Operation 76 'br' 'br_ln0' <Predicate = (!IF_ID_valid_load)> <Delay = 1.02>

State 2 <SV = 1> <Delay = 1.42>
ST_2 : Operation 77 [2/2] (1.42ns)   --->   "%RegisterFile_V_load = load i1 0" [../hls/pipeline_core_hls.cpp:270]   --->   Operation 77 'load' 'RegisterFile_V_load' <Predicate = true> <Delay = 1.42> <CoreInst = "RAM">   --->   Core 82 'RAM' <Latency = 1> <II = 1> <Delay = 1.42> <Storage> <Opcode : 'load' 'store'> <Ports = 2> <Width = 1> <Depth = 32> <RAM>

State 3 <SV = 2> <Delay = 2.45>
ST_3 : Operation 78 [1/2] (1.42ns)   --->   "%RegisterFile_V_load = load i1 0" [../hls/pipeline_core_hls.cpp:270]   --->   Operation 78 'load' 'RegisterFile_V_load' <Predicate = (IF_ID_valid_load)> <Delay = 1.42> <CoreInst = "RAM">   --->   Core 82 'RAM' <Latency = 1> <II = 1> <Delay = 1.42> <Storage> <Opcode : 'load' 'store'> <Ports = 2> <Width = 1> <Depth = 32> <RAM>
ST_3 : Operation 79 [1/1] (1.02ns)   --->   "%store_ln274 = store i1 1, i1 %ID_EX_valid" [../hls/pipeline_core_hls.cpp:274]   --->   Operation 79 'store' 'store_ln274' <Predicate = (IF_ID_valid_load)> <Delay = 1.02>
ST_3 : Operation 80 [1/1] (1.02ns)   --->   "%br_ln275 = br void %mergeST17" [../hls/pipeline_core_hls.cpp:275]   --->   Operation 80 'br' 'br_ln275' <Predicate = (IF_ID_valid_load)> <Delay = 1.02>
ST_3 : Operation 81 [1/1] (0.00ns)   --->   "%storemerge18 = phi i32 %next_latch_pc_V, void %switch.edge, i32 0, void"   --->   Operation 81 'phi' 'storemerge18' <Predicate = true> <Delay = 0.00>
ST_3 : Operation 82 [1/1] (0.00ns) (grouped into LUT with out node select_ln41)   --->   "%storemerge13 = phi i1 0, void %switch.edge, i1 1, void"   --->   Operation 82 'phi' 'storemerge13' <Predicate = true> <Delay = 0.00>
ST_3 : Operation 83 [1/1] (0.00ns)   --->   "%storemerge9 = phi i1 %RegisterFile_V_load, void %switch.edge, i1 0, void" [../hls/pipeline_core_hls.cpp:270]   --->   Operation 83 'phi' 'storemerge9' <Predicate = true> <Delay = 0.00>
ST_3 : Operation 84 [1/1] (0.62ns) (out node of the LUT)   --->   "%select_ln41 = select i1 %storemerge13, i2 3, i2 0" [../hls/pipeline_core_hls.h:41]   --->   Operation 84 'select' 'select_ln41' <Predicate = true> <Delay = 0.62> <CoreInst = "Sel">   --->   Core 73 'Sel' <Latency = 0> <II = 1> <Delay = 0.62> <FuncUnit> <Opcode : 'select'> <InPorts = 3> <OutPorts = 1>
ST_3 : Operation 85 [1/1] (0.00ns)   --->   "%store_ln41 = store i32 %storemerge18, i32 %ID_EX_pc_V" [../hls/pipeline_core_hls.h:41]   --->   Operation 85 'store' 'store_ln41' <Predicate = true> <Delay = 0.00>
ST_3 : Operation 86 [1/1] (0.00ns)   --->   "%store_ln274 = store i2 %select_ln41, i2 %ID_EX_src1" [../hls/pipeline_core_hls.cpp:274]   --->   Operation 86 'store' 'store_ln274' <Predicate = true> <Delay = 0.00>
ST_3 : Operation 87 [1/1] (0.00ns)   --->   "%store_ln43 = store i2 3, i2 %ID_EX_src2" [../hls/pipeline_core_hls.h:43]   --->   Operation 87 'store' 'store_ln43' <Predicate = true> <Delay = 0.00>
ST_3 : Operation 88 [1/1] (0.00ns)   --->   "%store_ln274 = store i2 3, i2 %ID_EX_dest" [../hls/pipeline_core_hls.cpp:274]   --->   Operation 88 'store' 'store_ln274' <Predicate = true> <Delay = 0.00>
ST_3 : Operation 89 [1/1] (0.00ns)   --->   "%store_ln274 = store i1 %storemerge9, i1 %ID_EX_val1_V" [../hls/pipeline_core_hls.cpp:274]   --->   Operation 89 'store' 'store_ln274' <Predicate = true> <Delay = 0.00>
ST_3 : Operation 90 [1/1] (1.78ns)   --->   "%add_ln291 = add i32 %PC_V_load, i32 4" [../hls/pipeline_core_hls.cpp:291]   --->   Operation 90 'add' 'add_ln291' <Predicate = true> <Delay = 1.78> <CoreInst = "Adder">   --->   Core 1 'Adder' <Latency = 0> <II = 1> <Delay = 1.78> <FuncUnit> <Opcode : 'add' 'sub'> <InPorts = 2> <OutPorts = 1>
ST_3 : Operation 91 [1/1] (0.00ns)   --->   "%store_ln41 = store i32 %PC_V_load, i32 %IF_ID_pc_V" [../hls/pipeline_core_hls.h:41]   --->   Operation 91 'store' 'store_ln41' <Predicate = true> <Delay = 0.00>
ST_3 : Operation 92 [1/1] (0.00ns)   --->   "%store_ln41 = store i1 1, i1 %IF_ID_valid" [../hls/pipeline_core_hls.h:41]   --->   Operation 92 'store' 'store_ln41' <Predicate = true> <Delay = 0.00>
ST_3 : Operation 93 [1/1] (0.00ns)   --->   "%store_ln149 = store i32 %add_ln291, i32 %PC_V" [../hls/pipeline_core_hls.cpp:149]   --->   Operation 93 'store' 'store_ln149' <Predicate = true> <Delay = 0.00>
ST_3 : Operation 94 [1/1] (0.00ns)   --->   "%ret_ln293 = ret" [../hls/pipeline_core_hls.cpp:293]   --->   Operation 94 'ret' 'ret_ln293' <Predicate = true> <Delay = 0.00>


============================================================
+ Verbose Summary: Timing violations
============================================================
Target clock period: 10ns, clock uncertainty: 2.7ns.

 <State 1>: 5.15ns
The critical path consists of the following:
	'load' operation ('wb_stage_instr.dest', ../hls/pipeline_core_hls.cpp:25) on static variable 'MEM_WB_dest' [20]  (0 ns)
	'add' operation ('add_ln69', ../hls/pipeline_core_hls.cpp:69) [55]  (1 ns)
	'icmp' operation ('icmp_ln69', ../hls/pipeline_core_hls.cpp:69) [57]  (0.644 ns)
	'and' operation ('and_ln69', ../hls/pipeline_core_hls.cpp:69) [58]  (0.616 ns)
	'and' operation ('and_ln69_1', ../hls/pipeline_core_hls.cpp:69) [60]  (0 ns)
	'select' operation ('select_ln69', ../hls/pipeline_core_hls.cpp:69) [61]  (0.62 ns)
	'select' operation ('select_ln65', ../hls/pipeline_core_hls.cpp:65) [67]  (0.62 ns)
	'select' operation ('select_ln65_2', ../hls/pipeline_core_hls.cpp:65) [84]  (0.62 ns)
	multiplexor before 'phi' operation ('forward_A_sel_1_new_4', ../hls/pipeline_core_hls.cpp:65) with incoming values : ('select_ln65_2', ../hls/pipeline_core_hls.cpp:65) [90]  (1.03 ns)
	'phi' operation ('forward_A_sel_1_new_4', ../hls/pipeline_core_hls.cpp:65) with incoming values : ('select_ln65_2', ../hls/pipeline_core_hls.cpp:65) [90]  (0 ns)

 <State 2>: 1.43ns
The critical path consists of the following:
	'load' operation ('RegisterFile_V_load', ../hls/pipeline_core_hls.cpp:270) on array 'RegisterFile_V' [100]  (1.43 ns)

 <State 3>: 2.45ns
The critical path consists of the following:
	'load' operation ('RegisterFile_V_load', ../hls/pipeline_core_hls.cpp:270) on array 'RegisterFile_V' [100]  (1.43 ns)
	multiplexor before 'phi' operation ('storemerge9', ../hls/pipeline_core_hls.cpp:270) with incoming values : ('RegisterFile_V_load', ../hls/pipeline_core_hls.cpp:270) [106]  (1.03 ns)
	'phi' operation ('storemerge9', ../hls/pipeline_core_hls.cpp:270) with incoming values : ('RegisterFile_V_load', ../hls/pipeline_core_hls.cpp:270) [106]  (0 ns)


============================================================
+ Verbose Summary: Binding
============================================================
N/A
* FSMD analyzer results:
  - Output states:
 - Input state : 
  - Chain level:
	State 1
	State 2
	State 3


============================================================
+ Verbose Summary: Datapath Resource usage 
============================================================
N/A
