

================================================================
== Vitis HLS Report for 'pipeline_top'
================================================================
* Date:           Fri Aug 14 16:08:56 2026

* Version:        2021.2 (Build 3367213 on Tue Oct 19 02:48:09 MDT 2021)
* Project:        PSV_HLS
* Solution:       RAW_solu (Vivado IP Flow Target)
* Product family: kintex7
* Target device:  xc7k70t-fbv676-1


================================================================
== Performance Estimates
================================================================
+ Timing: 
    * Summary: 
    +--------+----------+----------+------------+
    |  Clock |  Target  | Estimated| Uncertainty|
    +--------+----------+----------+------------+
    |ap_clk  |  10.00 ns|  5.154 ns|     2.70 ns|
    +--------+----------+----------+------------+

+ Latency: 
    * Summary: 
    +---------+---------+-----------+-----------+-----+-----+---------+
    |  Latency (cycles) |   Latency (absolute)  |  Interval | Pipeline|
    |   min   |   max   |    min    |    max    | min | max |   Type  |
    +---------+---------+-----------+-----------+-----+-----+---------+
    |        1|        4|  10.000 ns|  40.000 ns|    2|    5|       no|
    +---------+---------+-----------+-----------+-----+-----+---------+

    + Detail: 
        * Instance: 
        +------------------------+-------------+---------+---------+-----------+-----------+-----+-----+---------+
        |                        |             |  Latency (cycles) |   Latency (absolute)  |  Interval | Pipeline|
        |        Instance        |    Module   |   min   |   max   |    min    |    max    | min | max |   Type  |
        +------------------------+-------------+---------+---------+-----------+-----------+-----+-----+---------+
        |grp_clock_cycle_fu_123  |clock_cycle  |        1|        2|  10.000 ns|  20.000 ns|    1|    2|       no|
        +------------------------+-------------+---------+---------+-----------+-----------+-----+-----+---------+

        * Loop: 
        N/A



================================================================
== Utilization Estimates
================================================================
* Summary: 
+-----------------+---------+-----+-------+-------+-----+
|       Name      | BRAM_18K| DSP |   FF  |  LUT  | URAM|
+-----------------+---------+-----+-------+-------+-----+
|DSP              |        -|    -|      -|      -|    -|
|Expression       |        -|    -|      -|      -|    -|
|FIFO             |        -|    -|      -|      -|    -|
|Instance         |        0|    -|     40|    485|    0|
|Memory           |        -|    -|      -|      -|    -|
|Multiplexer      |        -|    -|      -|    152|    -|
|Register         |        -|    -|     88|      -|    -|
+-----------------+---------+-----+-------+-------+-----+
|Total            |        0|    0|    128|    637|    0|
+-----------------+---------+-----+-------+-------+-----+
|Available        |      270|  240|  82000|  41000|    0|
+-----------------+---------+-----+-------+-------+-----+
|Utilization (%)  |        0|    0|     ~0|      1|    0|
+-----------------+---------+-----+-------+-------+-----+

+ Detail: 
    * Instance: 
    +------------------------+-------------+---------+----+----+-----+-----+
    |        Instance        |    Module   | BRAM_18K| DSP| FF | LUT | URAM|
    +------------------------+-------------+---------+----+----+-----+-----+
    |grp_clock_cycle_fu_123  |clock_cycle  |        0|   0|  40|  485|    0|
    +------------------------+-------------+---------+----+----+-----+-----+
    |Total                   |             |        0|   0|  40|  485|    0|
    +------------------------+-------------+---------+----+----+-----+-----+

    * DSP: 
    N/A

    * Memory: 
    N/A

    * FIFO: 
    N/A

    * Expression: 
    N/A

    * Multiplexer: 
    +-----------------+----+-----------+-----+-----------+
    |       Name      | LUT| Input Size| Bits| Total Bits|
    +-----------------+----+-----------+-----+-----------+
    |EX_MEM_dest      |   9|          2|    2|          4|
    |EX_MEM_outVal_V  |   9|          2|    1|          2|
    |EX_MEM_valid     |   9|          2|    1|          2|
    |ID_EX_dest       |   9|          2|    2|          4|
    |ID_EX_src1       |   9|          2|    2|          4|
    |ID_EX_src2       |   9|          2|    2|          4|
    |ID_EX_valid      |   9|          2|    1|          2|
    |IF_ID_pc_V       |   9|          2|   32|         64|
    |IF_ID_valid      |   9|          2|    1|          2|
    |MEM_WB_dest      |   9|          2|    2|          4|
    |MEM_WB_outVal_V  |   9|          2|    1|          2|
    |MEM_WB_valid     |   9|          2|    1|          2|
    |PC_V             |   9|          2|   32|         64|
    |ap_NS_fsm        |  17|          4|    1|          4|
    |forward_A_sel_1  |   9|          2|    2|          4|
    |forward_B_sel_1  |   9|          2|    2|          4|
    +-----------------+----+-----------+-----+-----------+
    |Total            | 152|         34|   85|        172|
    +-----------------+----+-----------+-----+-----------+

    * Register: 
    +-------------------------------------+----+----+-----+-----------+
    |                 Name                | FF | LUT| Bits| Const Bits|
    +-------------------------------------+----+----+-----+-----------+
    |EX_MEM_dest                          |   2|   0|    2|          0|
    |EX_MEM_outVal_V                      |   1|   0|    1|          0|
    |EX_MEM_valid                         |   1|   0|    1|          0|
    |ID_EX_dest                           |   2|   0|    2|          0|
    |ID_EX_src1                           |   2|   0|    2|          0|
    |ID_EX_src2                           |   2|   0|    2|          0|
    |ID_EX_valid                          |   1|   0|    1|          0|
    |IF_ID_pc_V                           |  32|   0|   32|          0|
    |IF_ID_valid                          |   1|   0|    1|          0|
    |MEM_WB_dest                          |   2|   0|    2|          0|
    |MEM_WB_outVal_V                      |   1|   0|    1|          0|
    |MEM_WB_valid                         |   1|   0|    1|          0|
    |PC_V                                 |  32|   0|   32|          0|
    |ap_CS_fsm                            |   3|   0|    3|          0|
    |forward_A_sel_1                      |   2|   0|    2|          0|
    |forward_B_sel_1                      |   2|   0|    2|          0|
    |grp_clock_cycle_fu_123_ap_start_reg  |   1|   0|    1|          0|
    +-------------------------------------+----+----+-----+-----------+
    |Total                                |  88|   0|   88|          0|
    +-------------------------------------+----+----+-----+-----------+



================================================================
== Interface
================================================================
* Summary: 
+-------------------+-----+-----+------------+-------------------+--------------+
|     RTL Ports     | Dir | Bits|  Protocol  |   Source Object   |    C Type    |
+-------------------+-----+-----+------------+-------------------+--------------+
|ap_local_block     |  out|    1|  ap_ctrl_hs|       pipeline_top|  return value|
|ap_local_deadlock  |  out|    1|  ap_ctrl_hs|       pipeline_top|  return value|
|ap_clk             |   in|    1|  ap_ctrl_hs|       pipeline_top|  return value|
|ap_rst             |   in|    1|  ap_ctrl_hs|       pipeline_top|  return value|
|ap_start           |   in|    1|  ap_ctrl_hs|       pipeline_top|  return value|
|ap_done            |  out|    1|  ap_ctrl_hs|       pipeline_top|  return value|
|ap_idle            |  out|    1|  ap_ctrl_hs|       pipeline_top|  return value|
|ap_ready           |  out|    1|  ap_ctrl_hs|       pipeline_top|  return value|
|reset              |   in|    1|     ap_none|              reset|        scalar|
|stall_out          |  out|    1|     ap_none|          stall_out|       pointer|
|forward_A_sel_out  |  out|   32|     ap_none|  forward_A_sel_out|       pointer|
|forward_B_sel_out  |  out|   32|     ap_none|  forward_B_sel_out|       pointer|
|hazard_dest_out    |  out|   32|     ap_none|    hazard_dest_out|       pointer|
|pc_out             |  out|   32|     ap_none|             pc_out|       pointer|
+-------------------+-----+-----+------------+-------------------+--------------+

============================================================
+ Verbose Summary: Synthesis Manager
============================================================
InlineROM: 1
ExposeGlobal: 0
============================================================
+ Verbose Summary: CDFG Model
============================================================
IsTopModel: 1
ResetActiveHigh: 1
IsCombinational: 2
IsDatapathOnly: 2
HasWiredReturn: 1
HasMFsm: 0
HasVarLatency: 1
IsPipeline: 0
IsRtlPipelined: 0
IsInstanceOverlapped: 0
IsDontTouch: 0
HasImplIP: 0
IsGatedGlobalClock: 0


============================================================
+ Verbose Summary: Schedule
============================================================
* Number of FSM states : 3
* Pipeline : 0
* Dataflow Pipeline: 0

* FSM state transitions: 
1 --> 2 3 
2 --> 3 
3 --> 

* FSM state operations: 

State 1 <SV = 0> <Delay = 0.00>
ST_1 : Operation 4 [1/1] (0.00ns)   --->   "%spectopmodule_ln0 = spectopmodule void @_ssdm_op_SpecTopModule, void @empty_2"   --->   Operation 4 'spectopmodule' 'spectopmodule_ln0' <Predicate = true> <Delay = 0.00>
ST_1 : Operation 5 [1/1] (0.00ns)   --->   "%specinterface_ln0 = specinterface void @_ssdm_op_SpecInterface, i32 0, void @empty_1, i32 0, i32 0, void @empty, i32 0, i32 0, void @empty, void @empty, void @empty, i32 0, i32 0, i32 0, i32 0, void @empty, void @empty"   --->   Operation 5 'specinterface' 'specinterface_ln0' <Predicate = true> <Delay = 0.00>
ST_1 : Operation 6 [1/1] (0.00ns)   --->   "%specbitsmap_ln0 = specbitsmap void @_ssdm_op_SpecBitsMap, i1 %reset"   --->   Operation 6 'specbitsmap' 'specbitsmap_ln0' <Predicate = true> <Delay = 0.00>
ST_1 : Operation 7 [1/1] (0.00ns)   --->   "%specinterface_ln0 = specinterface void @_ssdm_op_SpecInterface, i1 %reset, void @empty_0, i32 0, i32 0, void @empty, i32 0, i32 0, void @empty, void @empty, void @empty, i32 0, i32 0, i32 0, i32 0, void @empty, void @empty"   --->   Operation 7 'specinterface' 'specinterface_ln0' <Predicate = true> <Delay = 0.00>
ST_1 : Operation 8 [1/1] (0.00ns)   --->   "%specbitsmap_ln0 = specbitsmap void @_ssdm_op_SpecBitsMap, i1 %stall_out"   --->   Operation 8 'specbitsmap' 'specbitsmap_ln0' <Predicate = true> <Delay = 0.00>
ST_1 : Operation 9 [1/1] (0.00ns)   --->   "%specinterface_ln0 = specinterface void @_ssdm_op_SpecInterface, i1 %stall_out, void @empty_0, i32 0, i32 0, void @empty, i32 0, i32 0, void @empty, void @empty, void @empty, i32 0, i32 0, i32 0, i32 0, void @empty, void @empty"   --->   Operation 9 'specinterface' 'specinterface_ln0' <Predicate = true> <Delay = 0.00>
ST_1 : Operation 10 [1/1] (0.00ns)   --->   "%specbitsmap_ln0 = specbitsmap void @_ssdm_op_SpecBitsMap, i32 %forward_A_sel_out"   --->   Operation 10 'specbitsmap' 'specbitsmap_ln0' <Predicate = true> <Delay = 0.00>
ST_1 : Operation 11 [1/1] (0.00ns)   --->   "%specinterface_ln0 = specinterface void @_ssdm_op_SpecInterface, i32 %forward_A_sel_out, void @empty_0, i32 0, i32 0, void @empty, i32 0, i32 0, void @empty, void @empty, void @empty, i32 0, i32 0, i32 0, i32 0, void @empty, void @empty"   --->   Operation 11 'specinterface' 'specinterface_ln0' <Predicate = true> <Delay = 0.00>
ST_1 : Operation 12 [1/1] (0.00ns)   --->   "%specbitsmap_ln0 = specbitsmap void @_ssdm_op_SpecBitsMap, i32 %forward_B_sel_out"   --->   Operation 12 'specbitsmap' 'specbitsmap_ln0' <Predicate = true> <Delay = 0.00>
ST_1 : Operation 13 [1/1] (0.00ns)   --->   "%specinterface_ln0 = specinterface void @_ssdm_op_SpecInterface, i32 %forward_B_sel_out, void @empty_0, i32 0, i32 0, void @empty, i32 0, i32 0, void @empty, void @empty, void @empty, i32 0, i32 0, i32 0, i32 0, void @empty, void @empty"   --->   Operation 13 'specinterface' 'specinterface_ln0' <Predicate = true> <Delay = 0.00>
ST_1 : Operation 14 [1/1] (0.00ns)   --->   "%specbitsmap_ln0 = specbitsmap void @_ssdm_op_SpecBitsMap, i32 %hazard_dest_out"   --->   Operation 14 'specbitsmap' 'specbitsmap_ln0' <Predicate = true> <Delay = 0.00>
ST_1 : Operation 15 [1/1] (0.00ns)   --->   "%specinterface_ln0 = specinterface void @_ssdm_op_SpecInterface, i32 %hazard_dest_out, void @empty_0, i32 0, i32 0, void @empty, i32 0, i32 0, void @empty, void @empty, void @empty, i32 0, i32 0, i32 0, i32 0, void @empty, void @empty"   --->   Operation 15 'specinterface' 'specinterface_ln0' <Predicate = true> <Delay = 0.00>
ST_1 : Operation 16 [1/1] (0.00ns)   --->   "%specbitsmap_ln0 = specbitsmap void @_ssdm_op_SpecBitsMap, i32 %pc_out"   --->   Operation 16 'specbitsmap' 'specbitsmap_ln0' <Predicate = true> <Delay = 0.00>
ST_1 : Operation 17 [1/1] (0.00ns)   --->   "%specinterface_ln0 = specinterface void @_ssdm_op_SpecInterface, i32 %pc_out, void @empty_0, i32 0, i32 0, void @empty, i32 0, i32 0, void @empty, void @empty, void @empty, i32 0, i32 0, i32 0, i32 0, void @empty, void @empty"   --->   Operation 17 'specinterface' 'specinterface_ln0' <Predicate = true> <Delay = 0.00>
ST_1 : Operation 18 [1/1] (0.00ns)   --->   "%reset_read = read i1 @_ssdm_op_Read.ap_none.i1, i1 %reset" [../hls/pipeline_core_hls.cpp:297]   --->   Operation 18 'read' 'reset_read' <Predicate = true> <Delay = 0.00>
ST_1 : Operation 19 [1/1] (0.00ns)   --->   "%br_ln313 = br i1 %reset_read, void, void" [../hls/pipeline_core_hls.cpp:313]   --->   Operation 19 'br' 'br_ln313' <Predicate = true> <Delay = 0.00>
ST_1 : Operation 20 [2/2] (0.00ns)   --->   "%call_ln328 = call void @clock_cycle, i1 %MEM_WB_valid, i2 %MEM_WB_dest, i1 %MEM_WB_outVal_V, i1 %RegisterFile_V, i1 %EX_MEM_valid, i2 %EX_MEM_dest, i1 %EX_MEM_outVal_V, i1 %ID_EX_valid, i2 %ID_EX_src1, i2 %ID_EX_src2, i2 %ID_EX_dest, i32 %PC_V, i1 %IF_ID_valid, i32 %IF_ID_pc_V, i32 %ID_EX_pc_V, i1 %ID_EX_val1_V, i2 %forward_B_sel_1, i2 %forward_A_sel_1" [../hls/pipeline_core_hls.cpp:328]   --->   Operation 20 'call' 'call_ln328' <Predicate = (!reset_read)> <Delay = 0.00> <CoreType = "Generic">   --->   Core 0 '' <Latency = 0> <II = 1> <Delay = 1.00> <Generic> <Opcode : >
ST_1 : Operation 21 [1/1] (0.00ns)   --->   "%store_ln41 = store i1 0, i1 %IF_ID_valid" [../hls/pipeline_core_hls.h:41]   --->   Operation 21 'store' 'store_ln41' <Predicate = (reset_read)> <Delay = 0.00>
ST_1 : Operation 22 [1/1] (0.00ns)   --->   "%store_ln41 = store i32 0, i32 %IF_ID_pc_V" [../hls/pipeline_core_hls.h:41]   --->   Operation 22 'store' 'store_ln41' <Predicate = (reset_read)> <Delay = 0.00>
ST_1 : Operation 23 [1/1] (0.00ns)   --->   "%store_ln41 = store i1 0, i1 %ID_EX_valid" [../hls/pipeline_core_hls.h:41]   --->   Operation 23 'store' 'store_ln41' <Predicate = (reset_read)> <Delay = 0.00>
ST_1 : Operation 24 [1/1] (0.00ns)   --->   "%store_ln41 = store i32 0, i32 %ID_EX_pc_V" [../hls/pipeline_core_hls.h:41]   --->   Operation 24 'store' 'store_ln41' <Predicate = (reset_read)> <Delay = 0.00>
ST_1 : Operation 25 [1/1] (0.00ns)   --->   "%store_ln43 = store i2 3, i2 %ID_EX_src1" [../hls/pipeline_core_hls.h:43]   --->   Operation 25 'store' 'store_ln43' <Predicate = (reset_read)> <Delay = 0.00>
ST_1 : Operation 26 [1/1] (0.00ns)   --->   "%store_ln43 = store i2 3, i2 %ID_EX_src2" [../hls/pipeline_core_hls.h:43]   --->   Operation 26 'store' 'store_ln43' <Predicate = (reset_read)> <Delay = 0.00>
ST_1 : Operation 27 [1/1] (0.00ns)   --->   "%store_ln43 = store i2 3, i2 %ID_EX_dest" [../hls/pipeline_core_hls.h:43]   --->   Operation 27 'store' 'store_ln43' <Predicate = (reset_read)> <Delay = 0.00>
ST_1 : Operation 28 [1/1] (0.00ns)   --->   "%store_ln44 = store i1 0, i1 %ID_EX_val1_V" [../hls/pipeline_core_hls.h:44]   --->   Operation 28 'store' 'store_ln44' <Predicate = (reset_read)> <Delay = 0.00>
ST_1 : Operation 29 [1/1] (0.00ns)   --->   "%store_ln41 = store i1 0, i1 %EX_MEM_valid" [../hls/pipeline_core_hls.h:41]   --->   Operation 29 'store' 'store_ln41' <Predicate = (reset_read)> <Delay = 0.00>
ST_1 : Operation 30 [1/1] (0.00ns)   --->   "%store_ln43 = store i2 3, i2 %EX_MEM_dest" [../hls/pipeline_core_hls.h:43]   --->   Operation 30 'store' 'store_ln43' <Predicate = (reset_read)> <Delay = 0.00>
ST_1 : Operation 31 [1/1] (0.00ns)   --->   "%store_ln44 = store i1 0, i1 %EX_MEM_outVal_V" [../hls/pipeline_core_hls.h:44]   --->   Operation 31 'store' 'store_ln44' <Predicate = (reset_read)> <Delay = 0.00>
ST_1 : Operation 32 [1/1] (0.00ns)   --->   "%store_ln41 = store i1 0, i1 %MEM_WB_valid" [../hls/pipeline_core_hls.h:41]   --->   Operation 32 'store' 'store_ln41' <Predicate = (reset_read)> <Delay = 0.00>
ST_1 : Operation 33 [1/1] (0.00ns)   --->   "%store_ln43 = store i2 3, i2 %MEM_WB_dest" [../hls/pipeline_core_hls.h:43]   --->   Operation 33 'store' 'store_ln43' <Predicate = (reset_read)> <Delay = 0.00>
ST_1 : Operation 34 [1/1] (0.00ns)   --->   "%store_ln44 = store i1 0, i1 %MEM_WB_outVal_V" [../hls/pipeline_core_hls.h:44]   --->   Operation 34 'store' 'store_ln44' <Predicate = (reset_read)> <Delay = 0.00>
ST_1 : Operation 35 [1/1] (0.00ns)   --->   "%store_ln322 = store i2 0, i2 %forward_A_sel_1" [../hls/pipeline_core_hls.cpp:322]   --->   Operation 35 'store' 'store_ln322' <Predicate = (reset_read)> <Delay = 0.00>
ST_1 : Operation 36 [1/1] (0.00ns)   --->   "%store_ln323 = store i2 0, i2 %forward_B_sel_1" [../hls/pipeline_core_hls.cpp:323]   --->   Operation 36 'store' 'store_ln323' <Predicate = (reset_read)> <Delay = 0.00>
ST_1 : Operation 37 [1/1] (0.00ns)   --->   "%store_ln325 = store i32 0, i32 %PC_V" [../hls/pipeline_core_hls.cpp:325]   --->   Operation 37 'store' 'store_ln325' <Predicate = (reset_read)> <Delay = 0.00>
ST_1 : Operation 38 [1/1] (0.00ns)   --->   "%br_ln326 = br void" [../hls/pipeline_core_hls.cpp:326]   --->   Operation 38 'br' 'br_ln326' <Predicate = (reset_read)> <Delay = 0.00>

State 2 <SV = 1> <Delay = 0.00>
ST_2 : Operation 39 [1/2] (0.00ns)   --->   "%call_ln328 = call void @clock_cycle, i1 %MEM_WB_valid, i2 %MEM_WB_dest, i1 %MEM_WB_outVal_V, i1 %RegisterFile_V, i1 %EX_MEM_valid, i2 %EX_MEM_dest, i1 %EX_MEM_outVal_V, i1 %ID_EX_valid, i2 %ID_EX_src1, i2 %ID_EX_src2, i2 %ID_EX_dest, i32 %PC_V, i1 %IF_ID_valid, i32 %IF_ID_pc_V, i32 %ID_EX_pc_V, i1 %ID_EX_val1_V, i2 %forward_B_sel_1, i2 %forward_A_sel_1" [../hls/pipeline_core_hls.cpp:328]   --->   Operation 39 'call' 'call_ln328' <Predicate = true> <Delay = 0.00> <CoreType = "Generic">   --->   Core 0 '' <Latency = 0> <II = 1> <Delay = 1.00> <Generic> <Opcode : >
ST_2 : Operation 40 [1/1] (0.00ns)   --->   "%br_ln0 = br void"   --->   Operation 40 'br' 'br_ln0' <Predicate = true> <Delay = 0.00>

State 3 <SV = 2> <Delay = 0.00>
ST_3 : Operation 41 [1/1] (0.00ns)   --->   "%write_ln332 = write void @_ssdm_op_Write.ap_none.i1P0A, i1 %stall_out, i1 0" [../hls/pipeline_core_hls.cpp:332]   --->   Operation 41 'write' 'write_ln332' <Predicate = true> <Delay = 0.00>
ST_3 : Operation 42 [1/1] (0.00ns)   --->   "%forward_A_sel_1_load = load i2 %forward_A_sel_1" [../hls/pipeline_core_hls.cpp:333]   --->   Operation 42 'load' 'forward_A_sel_1_load' <Predicate = true> <Delay = 0.00>
ST_3 : Operation 43 [1/1] (0.00ns)   --->   "%zext_ln333 = zext i2 %forward_A_sel_1_load" [../hls/pipeline_core_hls.cpp:333]   --->   Operation 43 'zext' 'zext_ln333' <Predicate = true> <Delay = 0.00>
ST_3 : Operation 44 [1/1] (0.00ns)   --->   "%write_ln333 = write void @_ssdm_op_Write.ap_none.i32P0A, i32 %forward_A_sel_out, i32 %zext_ln333" [../hls/pipeline_core_hls.cpp:333]   --->   Operation 44 'write' 'write_ln333' <Predicate = true> <Delay = 0.00>
ST_3 : Operation 45 [1/1] (0.00ns)   --->   "%forward_B_sel_1_load = load i2 %forward_B_sel_1" [../hls/pipeline_core_hls.cpp:334]   --->   Operation 45 'load' 'forward_B_sel_1_load' <Predicate = true> <Delay = 0.00>
ST_3 : Operation 46 [1/1] (0.00ns)   --->   "%zext_ln334 = zext i2 %forward_B_sel_1_load" [../hls/pipeline_core_hls.cpp:334]   --->   Operation 46 'zext' 'zext_ln334' <Predicate = true> <Delay = 0.00>
ST_3 : Operation 47 [1/1] (0.00ns)   --->   "%write_ln334 = write void @_ssdm_op_Write.ap_none.i32P0A, i32 %forward_B_sel_out, i32 %zext_ln334" [../hls/pipeline_core_hls.cpp:334]   --->   Operation 47 'write' 'write_ln334' <Predicate = true> <Delay = 0.00>
ST_3 : Operation 48 [1/1] (0.00ns)   --->   "%write_ln335 = write void @_ssdm_op_Write.ap_none.i32P0A, i32 %hazard_dest_out, i32 4294967295" [../hls/pipeline_core_hls.cpp:335]   --->   Operation 48 'write' 'write_ln335' <Predicate = true> <Delay = 0.00>
ST_3 : Operation 49 [1/1] (0.00ns)   --->   "%PC_V_load = load i32 %PC_V" [../hls/pipeline_core_hls.cpp:336]   --->   Operation 49 'load' 'PC_V_load' <Predicate = true> <Delay = 0.00>
ST_3 : Operation 50 [1/1] (0.00ns)   --->   "%write_ln336 = write void @_ssdm_op_Write.ap_none.i32P0A, i32 %pc_out, i32 %PC_V_load" [../hls/pipeline_core_hls.cpp:336]   --->   Operation 50 'write' 'write_ln336' <Predicate = true> <Delay = 0.00>
ST_3 : Operation 51 [1/1] (0.00ns)   --->   "%ret_ln337 = ret" [../hls/pipeline_core_hls.cpp:337]   --->   Operation 51 'ret' 'ret_ln337' <Predicate = true> <Delay = 0.00>


============================================================
+ Verbose Summary: Binding
============================================================
STG Binding: 
---------------- STG Properties BEGIN ----------------
- Is combinational: 0
- Is one-state seq: 0
- Is datapath-only: 0
- Is pipelined: 0
- Is top level: 1
Port [ Return ] is wired: 1; IO mode=ap_ctrl_hs:ce=0
Port [ reset]:  wired=1; compound=0; hidden=0; nouse=0; global=0; static=0; extern=0; dir=0; type=0; pingpong=0; private_global=0; IO mode=ap_none:ce=0
Port [ stall_out]:  wired=1; compound=0; hidden=0; nouse=0; global=0; static=0; extern=0; dir=1; type=0; pingpong=0; private_global=0; IO mode=ap_none:ce=0
Port [ forward_A_sel_out]:  wired=1; compound=0; hidden=0; nouse=0; global=0; static=0; extern=0; dir=1; type=0; pingpong=0; private_global=0; IO mode=ap_none:ce=0
Port [ forward_B_sel_out]:  wired=1; compound=0; hidden=0; nouse=0; global=0; static=0; extern=0; dir=1; type=0; pingpong=0; private_global=0; IO mode=ap_none:ce=0
Port [ hazard_dest_out]:  wired=1; compound=0; hidden=0; nouse=0; global=0; static=0; extern=0; dir=1; type=0; pingpong=0; private_global=0; IO mode=ap_none:ce=0
Port [ pc_out]:  wired=1; compound=0; hidden=0; nouse=0; global=0; static=0; extern=0; dir=1; type=0; pingpong=0; private_global=0; IO mode=ap_none:ce=0
Port [ IF_ID_valid]:  wired=0; compound=0; hidden=1; nouse=0; global=1; static=1; extern=0; dir=2; type=0; pingpong=0; private_global=1; IO mode=ap_ovld:ce=0
Port [ IF_ID_pc_V]:  wired=0; compound=0; hidden=1; nouse=0; global=1; static=1; extern=0; dir=2; type=0; pingpong=0; private_global=1; IO mode=ap_ovld:ce=0
Port [ ID_EX_valid]:  wired=0; compound=0; hidden=1; nouse=0; global=1; static=1; extern=0; dir=2; type=0; pingpong=0; private_global=1; IO mode=ap_ovld:ce=0
Port [ ID_EX_pc_V]:  wired=0; compound=0; hidden=1; nouse=0; global=1; static=1; extern=0; dir=1; type=0; pingpong=0; private_global=1; IO mode=ap_vld:ce=0
Port [ ID_EX_src1]:  wired=0; compound=0; hidden=1; nouse=0; global=1; static=1; extern=0; dir=2; type=0; pingpong=0; private_global=1; IO mode=ap_ovld:ce=0
Port [ ID_EX_src2]:  wired=0; compound=0; hidden=1; nouse=0; global=1; static=1; extern=0; dir=2; type=0; pingpong=0; private_global=1; IO mode=ap_ovld:ce=0
Port [ ID_EX_dest]:  wired=0; compound=0; hidden=1; nouse=0; global=1; static=1; extern=0; dir=2; type=0; pingpong=0; private_global=1; IO mode=ap_ovld:ce=0
Port [ ID_EX_val1_V]:  wired=0; compound=0; hidden=1; nouse=0; global=1; static=1; extern=0; dir=1; type=0; pingpong=0; private_global=1; IO mode=ap_vld:ce=0
Port [ EX_MEM_valid]:  wired=0; compound=0; hidden=1; nouse=0; global=1; static=1; extern=0; dir=2; type=0; pingpong=0; private_global=1; IO mode=ap_ovld:ce=0
Port [ EX_MEM_dest]:  wired=0; compound=0; hidden=1; nouse=0; global=1; static=1; extern=0; dir=2; type=0; pingpong=0; private_global=1; IO mode=ap_ovld:ce=0
Port [ EX_MEM_outVal_V]:  wired=0; compound=0; hidden=1; nouse=0; global=1; static=1; extern=0; dir=2; type=0; pingpong=0; private_global=1; IO mode=ap_ovld:ce=0
Port [ MEM_WB_valid]:  wired=0; compound=0; hidden=1; nouse=0; global=1; static=1; extern=0; dir=2; type=0; pingpong=0; private_global=1; IO mode=ap_ovld:ce=0
Port [ MEM_WB_dest]:  wired=0; compound=0; hidden=1; nouse=0; global=1; static=1; extern=0; dir=2; type=0; pingpong=0; private_global=1; IO mode=ap_ovld:ce=0
Port [ MEM_WB_outVal_V]:  wired=0; compound=0; hidden=1; nouse=0; global=1; static=1; extern=0; dir=2; type=0; pingpong=0; private_global=1; IO mode=ap_ovld:ce=0
Port [ forward_A_sel_1]:  wired=0; compound=0; hidden=1; nouse=0; global=1; static=1; extern=0; dir=2; type=0; pingpong=0; private_global=1; IO mode=ap_ovld:ce=0
Port [ forward_B_sel_1]:  wired=0; compound=0; hidden=1; nouse=0; global=1; static=1; extern=0; dir=2; type=0; pingpong=0; private_global=1; IO mode=ap_ovld:ce=0
Port [ PC_V]:  wired=0; compound=0; hidden=1; nouse=0; global=1; static=1; extern=0; dir=2; type=0; pingpong=0; private_global=1; IO mode=ap_ovld:ce=0
Port [ RegisterFile_V]:  wired=0; compound=1; hidden=1; nouse=1; global=1; static=1; extern=0; dir=2; type=1; pingpong=0; private_global=0; MemPort=[23]; IO mode=ap_memory:ce=0
---------------- STG Properties END ------------------

---------------- Datapath Model BEGIN ----------------

<LifeTime>
<method=bitvector/>
spectopmodule_ln0    (spectopmodule) [ 0000]
specinterface_ln0    (specinterface) [ 0000]
specbitsmap_ln0      (specbitsmap  ) [ 0000]
specinterface_ln0    (specinterface) [ 0000]
specbitsmap_ln0      (specbitsmap  ) [ 0000]
specinterface_ln0    (specinterface) [ 0000]
specbitsmap_ln0      (specbitsmap  ) [ 0000]
specinterface_ln0    (specinterface) [ 0000]
specbitsmap_ln0      (specbitsmap  ) [ 0000]
specinterface_ln0    (specinterface) [ 0000]
specbitsmap_ln0      (specbitsmap  ) [ 0000]
specinterface_ln0    (specinterface) [ 0000]
specbitsmap_ln0      (specbitsmap  ) [ 0000]
specinterface_ln0    (specinterface) [ 0000]
reset_read           (read         ) [ 0100]
br_ln313             (br           ) [ 0000]
store_ln41           (store        ) [ 0000]
store_ln41           (store        ) [ 0000]
store_ln41           (store        ) [ 0000]
store_ln41           (store        ) [ 0000]
store_ln43           (store        ) [ 0000]
store_ln43           (store        ) [ 0000]
store_ln43           (store        ) [ 0000]
store_ln44           (store        ) [ 0000]
store_ln41           (store        ) [ 0000]
store_ln43           (store        ) [ 0000]
store_ln44           (store        ) [ 0000]
store_ln41           (store        ) [ 0000]
store_ln43           (store        ) [ 0000]
store_ln44           (store        ) [ 0000]
store_ln322          (store        ) [ 0000]
store_ln323          (store        ) [ 0000]
store_ln325          (store        ) [ 0000]
br_ln326             (br           ) [ 0000]
call_ln328           (call         ) [ 0000]
br_ln0               (br           ) [ 0000]
write_ln332          (write        ) [ 0000]
forward_A_sel_1_load (load         ) [ 0000]
zext_ln333           (zext         ) [ 0000]
write_ln333          (write        ) [ 0000]
forward_B_sel_1_load (load         ) [ 0000]
zext_ln334           (zext         ) [ 0000]
write_ln334          (write        ) [ 0000]
write_ln335          (write        ) [ 0000]
PC_V_load            (load         ) [ 0000]
write_ln336          (write        ) [ 0000]
ret_ln337            (ret          ) [ 0000]
</LifeTime>

<model>

<comp_list>
<comp id="0" class="1000" name="reset">
<pin_list>
<pin id="1" dir="1" index="0" bw="1" slack="0"/>
</pin_list>
<bind>
<StgValue><ssdm name="reset"/></StgValue>
</bind>
</comp>

<comp id="2" class="1000" name="stall_out">
<pin_list>
<pin id="3" dir="1" index="0" bw="1" slack="0"/>
</pin_list>
<bind>
<StgValue><ssdm name="stall_out"/></StgValue>
</bind>
</comp>

<comp id="4" class="1000" name="forward_A_sel_out">
<pin_list>
<pin id="5" dir="1" index="0" bw="1" slack="0"/>
</pin_list>
<bind>
<StgValue><ssdm name="forward_A_sel_out"/></StgValue>
</bind>
</comp>

<comp id="6" class="1000" name="forward_B_sel_out">
<pin_list>
<pin id="7" dir="1" index="0" bw="1" slack="0"/>
</pin_list>
<bind>
<StgValue><ssdm name="forward_B_sel_out"/></StgValue>
</bind>
</comp>

<comp id="8" class="1000" name="hazard_dest_out">
<pin_list>
<pin id="9" dir="1" index="0" bw="1" slack="0"/>
</pin_list>
<bind>
<StgValue><ssdm name="hazard_dest_out"/></StgValue>
</bind>
</comp>

<comp id="10" class="1000" name="pc_out">
<pin_list>
<pin id="11" dir="1" index="0" bw="1" slack="0"/>
</pin_list>
<bind>
<StgValue><ssdm name="pc_out"/></StgValue>
</bind>
</comp>

<comp id="12" class="1000" name="IF_ID_valid">
<pin_list>
<pin id="13" dir="1" index="0" bw="1" slack="0"/>
</pin_list>
<bind>
<StgValue><ssdm name="IF_ID_valid"/></StgValue>
</bind>
</comp>

<comp id="14" class="1000" name="IF_ID_pc_V">
<pin_list>
<pin id="15" dir="1" index="0" bw="1" slack="0"/>
</pin_list>
<bind>
<StgValue><ssdm name="IF_ID_pc_V"/></StgValue>
</bind>
</comp>

<comp id="16" class="1000" name="ID_EX_valid">
<pin_list>
<pin id="17" dir="1" index="0" bw="1" slack="0"/>
</pin_list>
<bind>
<StgValue><ssdm name="ID_EX_valid"/></StgValue>
</bind>
</comp>

<comp id="18" class="1000" name="ID_EX_pc_V">
<pin_list>
<pin id="19" dir="1" index="0" bw="1" slack="0"/>
</pin_list>
<bind>
<StgValue><ssdm name="ID_EX_pc_V"/></StgValue>
</bind>
</comp>

<comp id="20" class="1000" name="ID_EX_src1">
<pin_list>
<pin id="21" dir="1" index="0" bw="1" slack="0"/>
</pin_list>
<bind>
<StgValue><ssdm name="ID_EX_src1"/></StgValue>
</bind>
</comp>

<comp id="22" class="1000" name="ID_EX_src2">
<pin_list>
<pin id="23" dir="1" index="0" bw="1" slack="0"/>
</pin_list>
<bind>
<StgValue><ssdm name="ID_EX_src2"/></StgValue>
</bind>
</comp>

<comp id="24" class="1000" name="ID_EX_dest">
<pin_list>
<pin id="25" dir="1" index="0" bw="1" slack="0"/>
</pin_list>
<bind>
<StgValue><ssdm name="ID_EX_dest"/></StgValue>
</bind>
</comp>

<comp id="26" class="1000" name="ID_EX_val1_V">
<pin_list>
<pin id="27" dir="1" index="0" bw="1" slack="0"/>
</pin_list>
<bind>
<StgValue><ssdm name="ID_EX_val1_V"/></StgValue>
</bind>
</comp>

<comp id="28" class="1000" name="EX_MEM_valid">
<pin_list>
<pin id="29" dir="1" index="0" bw="1" slack="0"/>
</pin_list>
<bind>
<StgValue><ssdm name="EX_MEM_valid"/></StgValue>
</bind>
</comp>

<comp id="30" class="1000" name="EX_MEM_dest">
<pin_list>
<pin id="31" dir="1" index="0" bw="1" slack="0"/>
</pin_list>
<bind>
<StgValue><ssdm name="EX_MEM_dest"/></StgValue>
</bind>
</comp>

<comp id="32" class="1000" name="EX_MEM_outVal_V">
<pin_list>
<pin id="33" dir="1" index="0" bw="1" slack="0"/>
</pin_list>
<bind>
<StgValue><ssdm name="EX_MEM_outVal_V"/></StgValue>
</bind>
</comp>

<comp id="34" class="1000" name="MEM_WB_valid">
<pin_list>
<pin id="35" dir="1" index="0" bw="1" slack="0"/>
</pin_list>
<bind>
<StgValue><ssdm name="MEM_WB_valid"/></StgValue>
</bind>
</comp>

<comp id="36" class="1000" name="MEM_WB_dest">
<pin_list>
<pin id="37" dir="1" index="0" bw="1" slack="0"/>
</pin_list>
<bind>
<StgValue><ssdm name="MEM_WB_dest"/></StgValue>
</bind>
</comp>

<comp id="38" class="1000" name="MEM_WB_outVal_V">
<pin_list>
<pin id="39" dir="1" index="0" bw="1" slack="0"/>
</pin_list>
<bind>
<StgValue><ssdm name="MEM_WB_outVal_V"/></StgValue>
</bind>
</comp>

<comp id="40" class="1000" name="forward_A_sel_1">
<pin_list>
<pin id="41" dir="1" index="0" bw="1" slack="0"/>
</pin_list>
<bind>
<StgValue><ssdm name="forward_A_sel_1"/></StgValue>
</bind>
</comp>

<comp id="42" class="1000" name="forward_B_sel_1">
<pin_list>
<pin id="43" dir="1" index="0" bw="1" slack="0"/>
</pin_list>
<bind>
<StgValue><ssdm name="forward_B_sel_1"/></StgValue>
</bind>
</comp>

<comp id="44" class="1000" name="PC_V">
<pin_list>
<pin id="45" dir="1" index="0" bw="1" slack="0"/>
</pin_list>
<bind>
<StgValue><ssdm name="PC_V"/></StgValue>
</bind>
</comp>

<comp id="46" class="1000" name="RegisterFile_V">
<pin_list>
<pin id="47" dir="1" index="0" bw="1" slack="0"/>
</pin_list>
<bind>
<StgValue><ssdm name="RegisterFile_V"/><MemPortTyVec>2 3 </MemPortTyVec>
</StgValue>
</bind>
</comp>

<comp id="48" class="1001" name="const_48">
<pin_list>
<pin id="49" dir="1" index="0" bw="1" slack="2147483647"/>
</pin_list>
<bind>
<StgValue><ssdm name="_ssdm_op_SpecTopModule"/></StgValue>
</bind>
</comp>

<comp id="50" class="1001" name="const_50">
<pin_list>
<pin id="51" dir="1" index="0" bw="1" slack="2147483647"/>
</pin_list>
<bind>
<StgValue><ssdm name="empty_2"/></StgValue>
</bind>
</comp>

<comp id="52" class="1001" name="const_52">
<pin_list>
<pin id="53" dir="1" index="0" bw="1" slack="2147483647"/>
</pin_list>
<bind>
<StgValue><ssdm name="_ssdm_op_SpecInterface"/></StgValue>
</bind>
</comp>

<comp id="54" class="1001" name="const_54">
<pin_list>
<pin id="55" dir="1" index="0" bw="1" slack="0"/>
</pin_list>
<bind>
<StgValue><ssdm name=""/></StgValue>
</bind>
</comp>

<comp id="56" class="1001" name="const_56">
<pin_list>
<pin id="57" dir="1" index="0" bw="1" slack="2147483647"/>
</pin_list>
<bind>
<StgValue><ssdm name="empty_1"/></StgValue>
</bind>
</comp>

<comp id="58" class="1001" name="const_58">
<pin_list>
<pin id="59" dir="1" index="0" bw="1" slack="2147483647"/>
</pin_list>
<bind>
<StgValue><ssdm name="empty"/></StgValue>
</bind>
</comp>

<comp id="60" class="1001" name="const_60">
<pin_list>
<pin id="61" dir="1" index="0" bw="1" slack="2147483647"/>
</pin_list>
<bind>
<StgValue><ssdm name="_ssdm_op_SpecBitsMap"/></StgValue>
</bind>
</comp>

<comp id="62" class="1001" name="const_62">
<pin_list>
<pin id="63" dir="1" index="0" bw="1" slack="2147483647"/>
</pin_list>
<bind>
<StgValue><ssdm name="empty_0"/></StgValue>
</bind>
</comp>

<comp id="64" class="1001" name="const_64">
<pin_list>
<pin id="65" dir="1" index="0" bw="1" slack="0"/>
</pin_list>
<bind>
<StgValue><ssdm name="_ssdm_op_Read.ap_none.i1"/></StgValue>
</bind>
</comp>

<comp id="66" class="1001" name="const_66">
<pin_list>
<pin id="67" dir="1" index="0" bw="1" slack="0"/>
</pin_list>
<bind>
<StgValue><ssdm name="clock_cycle"/></StgValue>
</bind>
</comp>

<comp id="68" class="1001" name="const_68">
<pin_list>
<pin id="69" dir="1" index="0" bw="1" slack="0"/>
</pin_list>
<bind>
<StgValue><ssdm name=""/></StgValue>
</bind>
</comp>

<comp id="70" class="1001" name="const_70">
<pin_list>
<pin id="71" dir="1" index="0" bw="1" slack="0"/>
</pin_list>
<bind>
<StgValue><ssdm name=""/></StgValue>
</bind>
</comp>

<comp id="72" class="1001" name="const_72">
<pin_list>
<pin id="73" dir="1" index="0" bw="1" slack="0"/>
</pin_list>
<bind>
<StgValue><ssdm name=""/></StgValue>
</bind>
</comp>

<comp id="74" class="1001" name="const_74">
<pin_list>
<pin id="75" dir="1" index="0" bw="1" slack="0"/>
</pin_list>
<bind>
<StgValue><ssdm name="_ssdm_op_Write.ap_none.i1P0A"/></StgValue>
</bind>
</comp>

<comp id="76" class="1001" name="const_76">
<pin_list>
<pin id="77" dir="1" index="0" bw="1" slack="0"/>
</pin_list>
<bind>
<StgValue><ssdm name="_ssdm_op_Write.ap_none.i32P0A"/></StgValue>
</bind>
</comp>

<comp id="78" class="1001" name="const_78">
<pin_list>
<pin id="79" dir="1" index="0" bw="1" slack="0"/>
</pin_list>
<bind>
<StgValue><ssdm name=""/></StgValue>
</bind>
</comp>

<comp id="80" class="1004" name="reset_read_read_fu_80">
<pin_list>
<pin id="81" dir="0" index="0" bw="1" slack="0"/>
<pin id="82" dir="0" index="1" bw="1" slack="0"/>
<pin id="83" dir="1" index="2" bw="1" slack="2147483647"/>
</pin_list>
<bind>
<opcode="read(1150) " fcode="read"/>
<opset="reset_read/1 "/>
</bind>
</comp>

<comp id="86" class="1004" name="write_ln332_write_fu_86">
<pin_list>
<pin id="87" dir="0" index="0" bw="0" slack="0"/>
<pin id="88" dir="0" index="1" bw="1" slack="0"/>
<pin id="89" dir="0" index="2" bw="1" slack="0"/>
<pin id="90" dir="1" index="3" bw="0" slack="2147483647"/>
</pin_list>
<bind>
<opcode="write(1151) " fcode="write"/>
<opset="write_ln332/3 "/>
</bind>
</comp>

<comp id="94" class="1004" name="write_ln333_write_fu_94">
<pin_list>
<pin id="95" dir="0" index="0" bw="0" slack="0"/>
<pin id="96" dir="0" index="1" bw="32" slack="0"/>
<pin id="97" dir="0" index="2" bw="2" slack="0"/>
<pin id="98" dir="1" index="3" bw="0" slack="2147483647"/>
</pin_list>
<bind>
<opcode="write(1151) " fcode="write"/>
<opset="write_ln333/3 "/>
</bind>
</comp>

<comp id="101" class="1004" name="write_ln334_write_fu_101">
<pin_list>
<pin id="102" dir="0" index="0" bw="0" slack="0"/>
<pin id="103" dir="0" index="1" bw="32" slack="0"/>
<pin id="104" dir="0" index="2" bw="2" slack="0"/>
<pin id="105" dir="1" index="3" bw="0" slack="2147483647"/>
</pin_list>
<bind>
<opcode="write(1151) " fcode="write"/>
<opset="write_ln334/3 "/>
</bind>
</comp>

<comp id="108" class="1004" name="write_ln335_write_fu_108">
<pin_list>
<pin id="109" dir="0" index="0" bw="0" slack="0"/>
<pin id="110" dir="0" index="1" bw="32" slack="0"/>
<pin id="111" dir="0" index="2" bw="1" slack="0"/>
<pin id="112" dir="1" index="3" bw="0" slack="2147483647"/>
</pin_list>
<bind>
<opcode="write(1151) " fcode="write"/>
<opset="write_ln335/3 "/>
</bind>
</comp>

<comp id="116" class="1004" name="write_ln336_write_fu_116">
<pin_list>
<pin id="117" dir="0" index="0" bw="0" slack="0"/>
<pin id="118" dir="0" index="1" bw="32" slack="0"/>
<pin id="119" dir="0" index="2" bw="32" slack="0"/>
<pin id="120" dir="1" index="3" bw="0" slack="2147483647"/>
</pin_list>
<bind>
<opcode="write(1151) " fcode="write"/>
<opset="write_ln336/3 "/>
</bind>
</comp>

<comp id="123" class="1004" name="grp_clock_cycle_fu_123">
<pin_list>
<pin id="124" dir="0" index="0" bw="0" slack="0"/>
<pin id="125" dir="0" index="1" bw="1" slack="0"/>
<pin id="126" dir="0" index="2" bw="2" slack="0"/>
<pin id="127" dir="0" index="3" bw="1" slack="0"/>
<pin id="128" dir="0" index="4" bw="1" slack="0"/>
<pin id="129" dir="0" index="5" bw="1" slack="0"/>
<pin id="130" dir="0" index="6" bw="2" slack="0"/>
<pin id="131" dir="0" index="7" bw="1" slack="0"/>
<pin id="132" dir="0" index="8" bw="1" slack="0"/>
<pin id="133" dir="0" index="9" bw="2" slack="0"/>
<pin id="134" dir="0" index="10" bw="2" slack="0"/>
<pin id="135" dir="0" index="11" bw="2" slack="0"/>
<pin id="136" dir="0" index="12" bw="32" slack="0"/>
<pin id="137" dir="0" index="13" bw="1" slack="0"/>
<pin id="138" dir="0" index="14" bw="32" slack="0"/>
<pin id="139" dir="0" index="15" bw="32" slack="0"/>
<pin id="140" dir="0" index="16" bw="1" slack="0"/>
<pin id="141" dir="0" index="17" bw="2" slack="0"/>
<pin id="142" dir="0" index="18" bw="2" slack="0"/>
<pin id="143" dir="1" index="19" bw="0" slack="2147483647"/>
</pin_list>
<bind>
<opcode="call(48) " fcode="call"/>
<opset="call_ln328/1 "/>
</bind>
</comp>

<comp id="163" class="1004" name="store_ln41_store_fu_163">
<pin_list>
<pin id="164" dir="0" index="0" bw="1" slack="0"/>
<pin id="165" dir="0" index="1" bw="1" slack="0"/>
<pin id="166" dir="1" index="2" bw="0" slack="2147483647"/>
</pin_list>
<bind>
<opcode="store(28) " fcode="store"/>
<opset="store_ln41/1 "/>
</bind>
</comp>

<comp id="169" class="1004" name="store_ln41_store_fu_169">
<pin_list>
<pin id="170" dir="0" index="0" bw="1" slack="0"/>
<pin id="171" dir="0" index="1" bw="32" slack="0"/>
<pin id="172" dir="1" index="2" bw="0" slack="2147483647"/>
</pin_list>
<bind>
<opcode="store(28) " fcode="store"/>
<opset="store_ln41/1 "/>
</bind>
</comp>

<comp id="175" class="1004" name="store_ln41_store_fu_175">
<pin_list>
<pin id="176" dir="0" index="0" bw="1" slack="0"/>
<pin id="177" dir="0" index="1" bw="1" slack="0"/>
<pin id="178" dir="1" index="2" bw="0" slack="2147483647"/>
</pin_list>
<bind>
<opcode="store(28) " fcode="store"/>
<opset="store_ln41/1 "/>
</bind>
</comp>

<comp id="181" class="1004" name="store_ln41_store_fu_181">
<pin_list>
<pin id="182" dir="0" index="0" bw="1" slack="0"/>
<pin id="183" dir="0" index="1" bw="32" slack="0"/>
<pin id="184" dir="1" index="2" bw="0" slack="2147483647"/>
</pin_list>
<bind>
<opcode="store(28) " fcode="store"/>
<opset="store_ln41/1 "/>
</bind>
</comp>

<comp id="187" class="1004" name="store_ln43_store_fu_187">
<pin_list>
<pin id="188" dir="0" index="0" bw="1" slack="0"/>
<pin id="189" dir="0" index="1" bw="2" slack="0"/>
<pin id="190" dir="1" index="2" bw="0" slack="2147483647"/>
</pin_list>
<bind>
<opcode="store(28) " fcode="store"/>
<opset="store_ln43/1 "/>
</bind>
</comp>

<comp id="193" class="1004" name="store_ln43_store_fu_193">
<pin_list>
<pin id="194" dir="0" index="0" bw="1" slack="0"/>
<pin id="195" dir="0" index="1" bw="2" slack="0"/>
<pin id="196" dir="1" index="2" bw="0" slack="2147483647"/>
</pin_list>
<bind>
<opcode="store(28) " fcode="store"/>
<opset="store_ln43/1 "/>
</bind>
</comp>

<comp id="199" class="1004" name="store_ln43_store_fu_199">
<pin_list>
<pin id="200" dir="0" index="0" bw="1" slack="0"/>
<pin id="201" dir="0" index="1" bw="2" slack="0"/>
<pin id="202" dir="1" index="2" bw="0" slack="2147483647"/>
</pin_list>
<bind>
<opcode="store(28) " fcode="store"/>
<opset="store_ln43/1 "/>
</bind>
</comp>

<comp id="205" class="1004" name="store_ln44_store_fu_205">
<pin_list>
<pin id="206" dir="0" index="0" bw="1" slack="0"/>
<pin id="207" dir="0" index="1" bw="1" slack="0"/>
<pin id="208" dir="1" index="2" bw="0" slack="2147483647"/>
</pin_list>
<bind>
<opcode="store(28) " fcode="store"/>
<opset="store_ln44/1 "/>
</bind>
</comp>

<comp id="211" class="1004" name="store_ln41_store_fu_211">
<pin_list>
<pin id="212" dir="0" index="0" bw="1" slack="0"/>
<pin id="213" dir="0" index="1" bw="1" slack="0"/>
<pin id="214" dir="1" index="2" bw="0" slack="2147483647"/>
</pin_list>
<bind>
<opcode="store(28) " fcode="store"/>
<opset="store_ln41/1 "/>
</bind>
</comp>

<comp id="217" class="1004" name="store_ln43_store_fu_217">
<pin_list>
<pin id="218" dir="0" index="0" bw="1" slack="0"/>
<pin id="219" dir="0" index="1" bw="2" slack="0"/>
<pin id="220" dir="1" index="2" bw="0" slack="2147483647"/>
</pin_list>
<bind>
<opcode="store(28) " fcode="store"/>
<opset="store_ln43/1 "/>
</bind>
</comp>

<comp id="223" class="1004" name="store_ln44_store_fu_223">
<pin_list>
<pin id="224" dir="0" index="0" bw="1" slack="0"/>
<pin id="225" dir="0" index="1" bw="1" slack="0"/>
<pin id="226" dir="1" index="2" bw="0" slack="2147483647"/>
</pin_list>
<bind>
<opcode="store(28) " fcode="store"/>
<opset="store_ln44/1 "/>
</bind>
</comp>

<comp id="229" class="1004" name="store_ln41_store_fu_229">
<pin_list>
<pin id="230" dir="0" index="0" bw="1" slack="0"/>
<pin id="231" dir="0" index="1" bw="1" slack="0"/>
<pin id="232" dir="1" index="2" bw="0" slack="2147483647"/>
</pin_list>
<bind>
<opcode="store(28) " fcode="store"/>
<opset="store_ln41/1 "/>
</bind>
</comp>

<comp id="235" class="1004" name="store_ln43_store_fu_235">
<pin_list>
<pin id="236" dir="0" index="0" bw="1" slack="0"/>
<pin id="237" dir="0" index="1" bw="2" slack="0"/>
<pin id="238" dir="1" index="2" bw="0" slack="2147483647"/>
</pin_list>
<bind>
<opcode="store(28) " fcode="store"/>
<opset="store_ln43/1 "/>
</bind>
</comp>

<comp id="241" class="1004" name="store_ln44_store_fu_241">
<pin_list>
<pin id="242" dir="0" index="0" bw="1" slack="0"/>
<pin id="243" dir="0" index="1" bw="1" slack="0"/>
<pin id="244" dir="1" index="2" bw="0" slack="2147483647"/>
</pin_list>
<bind>
<opcode="store(28) " fcode="store"/>
<opset="store_ln44/1 "/>
</bind>
</comp>

<comp id="247" class="1004" name="store_ln322_store_fu_247">
<pin_list>
<pin id="248" dir="0" index="0" bw="1" slack="0"/>
<pin id="249" dir="0" index="1" bw="2" slack="0"/>
<pin id="250" dir="1" index="2" bw="0" slack="2147483647"/>
</pin_list>
<bind>
<opcode="store(28) " fcode="store"/>
<opset="store_ln322/1 "/>
</bind>
</comp>

<comp id="253" class="1004" name="store_ln323_store_fu_253">
<pin_list>
<pin id="254" dir="0" index="0" bw="1" slack="0"/>
<pin id="255" dir="0" index="1" bw="2" slack="0"/>
<pin id="256" dir="1" index="2" bw="0" slack="2147483647"/>
</pin_list>
<bind>
<opcode="store(28) " fcode="store"/>
<opset="store_ln323/1 "/>
</bind>
</comp>

<comp id="259" class="1004" name="store_ln325_store_fu_259">
<pin_list>
<pin id="260" dir="0" index="0" bw="1" slack="0"/>
<pin id="261" dir="0" index="1" bw="32" slack="0"/>
<pin id="262" dir="1" index="2" bw="0" slack="2147483647"/>
</pin_list>
<bind>
<opcode="store(28) " fcode="store"/>
<opset="store_ln325/1 "/>
</bind>
</comp>

<comp id="265" class="1004" name="forward_A_sel_1_load_load_fu_265">
<pin_list>
<pin id="266" dir="0" index="0" bw="2" slack="0"/>
<pin id="267" dir="1" index="1" bw="2" slack="0"/>
</pin_list>
<bind>
<opcode="load(27) " fcode="load"/>
<opset="forward_A_sel_1_load/3 "/>
</bind>
</comp>

<comp id="269" class="1004" name="zext_ln333_fu_269">
<pin_list>
<pin id="270" dir="0" index="0" bw="2" slack="0"/>
<pin id="271" dir="1" index="1" bw="32" slack="0"/>
</pin_list>
<bind>
<opcode="zext(34) " fcode="zext"/>
<opset="zext_ln333/3 "/>
</bind>
</comp>

<comp id="274" class="1004" name="forward_B_sel_1_load_load_fu_274">
<pin_list>
<pin id="275" dir="0" index="0" bw="2" slack="0"/>
<pin id="276" dir="1" index="1" bw="2" slack="0"/>
</pin_list>
<bind>
<opcode="load(27) " fcode="load"/>
<opset="forward_B_sel_1_load/3 "/>
</bind>
</comp>

<comp id="278" class="1004" name="zext_ln334_fu_278">
<pin_list>
<pin id="279" dir="0" index="0" bw="2" slack="0"/>
<pin id="280" dir="1" index="1" bw="32" slack="0"/>
</pin_list>
<bind>
<opcode="zext(34) " fcode="zext"/>
<opset="zext_ln334/3 "/>
</bind>
</comp>

<comp id="283" class="1004" name="PC_V_load_load_fu_283">
<pin_list>
<pin id="284" dir="0" index="0" bw="32" slack="0"/>
<pin id="285" dir="1" index="1" bw="32" slack="0"/>
</pin_list>
<bind>
<opcode="load(27) " fcode="load"/>
<opset="PC_V_load/3 "/>
</bind>
</comp>

</comp_list>

<net_list>
<net id="84"><net_src comp="64" pin="0"/><net_sink comp="80" pin=0"/></net>

<net id="85"><net_src comp="0" pin="0"/><net_sink comp="80" pin=1"/></net>

<net id="91"><net_src comp="74" pin="0"/><net_sink comp="86" pin=0"/></net>

<net id="92"><net_src comp="2" pin="0"/><net_sink comp="86" pin=1"/></net>

<net id="93"><net_src comp="68" pin="0"/><net_sink comp="86" pin=2"/></net>

<net id="99"><net_src comp="76" pin="0"/><net_sink comp="94" pin=0"/></net>

<net id="100"><net_src comp="4" pin="0"/><net_sink comp="94" pin=1"/></net>

<net id="106"><net_src comp="76" pin="0"/><net_sink comp="101" pin=0"/></net>

<net id="107"><net_src comp="6" pin="0"/><net_sink comp="101" pin=1"/></net>

<net id="113"><net_src comp="76" pin="0"/><net_sink comp="108" pin=0"/></net>

<net id="114"><net_src comp="8" pin="0"/><net_sink comp="108" pin=1"/></net>

<net id="115"><net_src comp="78" pin="0"/><net_sink comp="108" pin=2"/></net>

<net id="121"><net_src comp="76" pin="0"/><net_sink comp="116" pin=0"/></net>

<net id="122"><net_src comp="10" pin="0"/><net_sink comp="116" pin=1"/></net>

<net id="144"><net_src comp="66" pin="0"/><net_sink comp="123" pin=0"/></net>

<net id="145"><net_src comp="34" pin="0"/><net_sink comp="123" pin=1"/></net>

<net id="146"><net_src comp="36" pin="0"/><net_sink comp="123" pin=2"/></net>

<net id="147"><net_src comp="38" pin="0"/><net_sink comp="123" pin=3"/></net>

<net id="148"><net_src comp="46" pin="0"/><net_sink comp="123" pin=4"/></net>

<net id="149"><net_src comp="28" pin="0"/><net_sink comp="123" pin=5"/></net>

<net id="150"><net_src comp="30" pin="0"/><net_sink comp="123" pin=6"/></net>

<net id="151"><net_src comp="32" pin="0"/><net_sink comp="123" pin=7"/></net>

<net id="152"><net_src comp="16" pin="0"/><net_sink comp="123" pin=8"/></net>

<net id="153"><net_src comp="20" pin="0"/><net_sink comp="123" pin=9"/></net>

<net id="154"><net_src comp="22" pin="0"/><net_sink comp="123" pin=10"/></net>

<net id="155"><net_src comp="24" pin="0"/><net_sink comp="123" pin=11"/></net>

<net id="156"><net_src comp="44" pin="0"/><net_sink comp="123" pin=12"/></net>

<net id="157"><net_src comp="12" pin="0"/><net_sink comp="123" pin=13"/></net>

<net id="158"><net_src comp="14" pin="0"/><net_sink comp="123" pin=14"/></net>

<net id="159"><net_src comp="18" pin="0"/><net_sink comp="123" pin=15"/></net>

<net id="160"><net_src comp="26" pin="0"/><net_sink comp="123" pin=16"/></net>

<net id="161"><net_src comp="42" pin="0"/><net_sink comp="123" pin=17"/></net>

<net id="162"><net_src comp="40" pin="0"/><net_sink comp="123" pin=18"/></net>

<net id="167"><net_src comp="68" pin="0"/><net_sink comp="163" pin=0"/></net>

<net id="168"><net_src comp="12" pin="0"/><net_sink comp="163" pin=1"/></net>

<net id="173"><net_src comp="54" pin="0"/><net_sink comp="169" pin=0"/></net>

<net id="174"><net_src comp="14" pin="0"/><net_sink comp="169" pin=1"/></net>

<net id="179"><net_src comp="68" pin="0"/><net_sink comp="175" pin=0"/></net>

<net id="180"><net_src comp="16" pin="0"/><net_sink comp="175" pin=1"/></net>

<net id="185"><net_src comp="54" pin="0"/><net_sink comp="181" pin=0"/></net>

<net id="186"><net_src comp="18" pin="0"/><net_sink comp="181" pin=1"/></net>

<net id="191"><net_src comp="70" pin="0"/><net_sink comp="187" pin=0"/></net>

<net id="192"><net_src comp="20" pin="0"/><net_sink comp="187" pin=1"/></net>

<net id="197"><net_src comp="70" pin="0"/><net_sink comp="193" pin=0"/></net>

<net id="198"><net_src comp="22" pin="0"/><net_sink comp="193" pin=1"/></net>

<net id="203"><net_src comp="70" pin="0"/><net_sink comp="199" pin=0"/></net>

<net id="204"><net_src comp="24" pin="0"/><net_sink comp="199" pin=1"/></net>

<net id="209"><net_src comp="68" pin="0"/><net_sink comp="205" pin=0"/></net>

<net id="210"><net_src comp="26" pin="0"/><net_sink comp="205" pin=1"/></net>

<net id="215"><net_src comp="68" pin="0"/><net_sink comp="211" pin=0"/></net>

<net id="216"><net_src comp="28" pin="0"/><net_sink comp="211" pin=1"/></net>

<net id="221"><net_src comp="70" pin="0"/><net_sink comp="217" pin=0"/></net>

<net id="222"><net_src comp="30" pin="0"/><net_sink comp="217" pin=1"/></net>

<net id="227"><net_src comp="68" pin="0"/><net_sink comp="223" pin=0"/></net>

<net id="228"><net_src comp="32" pin="0"/><net_sink comp="223" pin=1"/></net>

<net id="233"><net_src comp="68" pin="0"/><net_sink comp="229" pin=0"/></net>

<net id="234"><net_src comp="34" pin="0"/><net_sink comp="229" pin=1"/></net>

<net id="239"><net_src comp="70" pin="0"/><net_sink comp="235" pin=0"/></net>

<net id="240"><net_src comp="36" pin="0"/><net_sink comp="235" pin=1"/></net>

<net id="245"><net_src comp="68" pin="0"/><net_sink comp="241" pin=0"/></net>

<net id="246"><net_src comp="38" pin="0"/><net_sink comp="241" pin=1"/></net>

<net id="251"><net_src comp="72" pin="0"/><net_sink comp="247" pin=0"/></net>

<net id="252"><net_src comp="40" pin="0"/><net_sink comp="247" pin=1"/></net>

<net id="257"><net_src comp="72" pin="0"/><net_sink comp="253" pin=0"/></net>

<net id="258"><net_src comp="42" pin="0"/><net_sink comp="253" pin=1"/></net>

<net id="263"><net_src comp="54" pin="0"/><net_sink comp="259" pin=0"/></net>

<net id="264"><net_src comp="44" pin="0"/><net_sink comp="259" pin=1"/></net>

<net id="268"><net_src comp="40" pin="0"/><net_sink comp="265" pin=0"/></net>

<net id="272"><net_src comp="265" pin="1"/><net_sink comp="269" pin=0"/></net>

<net id="273"><net_src comp="269" pin="1"/><net_sink comp="94" pin=2"/></net>

<net id="277"><net_src comp="42" pin="0"/><net_sink comp="274" pin=0"/></net>

<net id="281"><net_src comp="274" pin="1"/><net_sink comp="278" pin=0"/></net>

<net id="282"><net_src comp="278" pin="1"/><net_sink comp="101" pin=2"/></net>

<net id="286"><net_src comp="44" pin="0"/><net_sink comp="283" pin=0"/></net>

<net id="287"><net_src comp="283" pin="1"/><net_sink comp="116" pin=2"/></net>

</net_list>

</model> 
---------------- Datapath Model END ------------------

* FSMD analyzer results:
  - Output states:
	Port: stall_out | {3 }
	Port: forward_A_sel_out | {3 }
	Port: forward_B_sel_out | {3 }
	Port: hazard_dest_out | {3 }
	Port: pc_out | {3 }
	Port: IF_ID_valid | {1 2 }
	Port: IF_ID_pc_V | {1 2 }
	Port: ID_EX_valid | {1 2 }
	Port: ID_EX_pc_V | {1 2 }
	Port: ID_EX_src1 | {1 2 }
	Port: ID_EX_src2 | {1 2 }
	Port: ID_EX_dest | {1 2 }
	Port: ID_EX_val1_V | {1 2 }
	Port: EX_MEM_valid | {1 2 }
	Port: EX_MEM_dest | {1 2 }
	Port: EX_MEM_outVal_V | {1 2 }
	Port: MEM_WB_valid | {1 2 }
	Port: MEM_WB_dest | {1 2 }
	Port: MEM_WB_outVal_V | {1 2 }
	Port: forward_A_sel_1 | {1 2 }
	Port: forward_B_sel_1 | {1 2 }
	Port: PC_V | {1 2 }
	Port: RegisterFile_V | {1 2 }
 - Input state : 
	Port: pipeline_top : reset | {1 }
	Port: pipeline_top : IF_ID_valid | {1 2 }
	Port: pipeline_top : IF_ID_pc_V | {1 2 }
	Port: pipeline_top : ID_EX_valid | {1 2 }
	Port: pipeline_top : ID_EX_src1 | {1 2 }
	Port: pipeline_top : ID_EX_src2 | {1 2 }
	Port: pipeline_top : ID_EX_dest | {1 2 }
	Port: pipeline_top : EX_MEM_valid | {1 2 }
	Port: pipeline_top : EX_MEM_dest | {1 2 }
	Port: pipeline_top : EX_MEM_outVal_V | {1 2 }
	Port: pipeline_top : MEM_WB_valid | {1 2 }
	Port: pipeline_top : MEM_WB_dest | {1 2 }
	Port: pipeline_top : MEM_WB_outVal_V | {1 2 }
	Port: pipeline_top : forward_A_sel_1 | {3 }
	Port: pipeline_top : forward_B_sel_1 | {3 }
	Port: pipeline_top : PC_V | {1 2 3 }
	Port: pipeline_top : RegisterFile_V | {1 2 }
  - Chain level:
	State 1
	State 2
	State 3
		zext_ln333 : 1
		write_ln333 : 2
		zext_ln334 : 1
		write_ln334 : 2
		write_ln336 : 1


============================================================
+ Verbose Summary: Datapath Resource usage 
============================================================

* Functional unit list:
|----------|--------------------------|---------|---------|---------|
| Operation|      Functional Unit     |  Delay  |    FF   |   LUT   |
|----------|--------------------------|---------|---------|---------|
|   call   |  grp_clock_cycle_fu_123  |  1.029  |    39   |   268   |
|----------|--------------------------|---------|---------|---------|
|   read   |   reset_read_read_fu_80  |    0    |    0    |    0    |
|----------|--------------------------|---------|---------|---------|
|          |  write_ln332_write_fu_86 |    0    |    0    |    0    |
|          |  write_ln333_write_fu_94 |    0    |    0    |    0    |
|   write  | write_ln334_write_fu_101 |    0    |    0    |    0    |
|          | write_ln335_write_fu_108 |    0    |    0    |    0    |
|          | write_ln336_write_fu_116 |    0    |    0    |    0    |
|----------|--------------------------|---------|---------|---------|
|   zext   |     zext_ln333_fu_269    |    0    |    0    |    0    |
|          |     zext_ln334_fu_278    |    0    |    0    |    0    |
|----------|--------------------------|---------|---------|---------|
|   Total  |                          |  1.029  |    39   |   268   |
|----------|--------------------------|---------|---------|---------|

Memories:
+--------------+--------+--------+--------+--------+
|              |  BRAM  |   FF   |   LUT  |  URAM  |
+--------------+--------+--------+--------+--------+
|RegisterFile_V|    0   |    2   |    1   |    0   |
+--------------+--------+--------+--------+--------+
|     Total    |    0   |    2   |    1   |    0   |
+--------------+--------+--------+--------+--------+

* Register list:
N/A

* Multiplexer (MUX) list: 
|--------|------|------|------|--------|
|  Comp  |  Pin | Size |  BW  | S x BW |
|--------|------|------|------|--------|
|  Total |      |      |      |    0   |
|--------|------|------|------|--------|



* Summary:
+-----------+--------+--------+--------+--------+--------+
|           |  BRAM  |  Delay |   FF   |   LUT  |  URAM  |
+-----------+--------+--------+--------+--------+--------+
|  Function |    -   |    1   |   39   |   268  |    -   |
|   Memory  |    0   |    -   |    2   |    1   |    0   |
|Multiplexer|    -   |    -   |    -   |    -   |    -   |
|  Register |    -   |    -   |    -   |    -   |    -   |
+-----------+--------+--------+--------+--------+--------+
|   Total   |    0   |    1   |   41   |   269  |    0   |
+-----------+--------+--------+--------+--------+--------+
